#-----------------------------------------------------------
# Vivado v2016.4 (64-bit)
# SW Build 1756540 on Mon Jan 23 19:11:23 MST 2017
# IP Build 1755317 on Mon Jan 23 20:30:07 MST 2017
# Start of session at: Sun Apr 23 16:41:46 2017
# Process ID: 7584
# Current directory: C:/Users/vivoz/Documents/WORK_FPGA/Xilinx/Vivado_project_on_Zturn/with_new_board_def_file/ver201604template/ver201604template.runs/synth_1
# Command line: vivado.exe -log basicZturn_wrapper.vds -product Vivado -mode batch -messageDb vivado.pb -notrace -source basicZturn_wrapper.tcl
# Log file: C:/Users/vivoz/Documents/WORK_FPGA/Xilinx/Vivado_project_on_Zturn/with_new_board_def_file/ver201604template/ver201604template.runs/synth_1/basicZturn_wrapper.vds
# Journal file: C:/Users/vivoz/Documents/WORK_FPGA/Xilinx/Vivado_project_on_Zturn/with_new_board_def_file/ver201604template/ver201604template.runs/synth_1\vivado.jou
#-----------------------------------------------------------
source basicZturn_wrapper.tcl -notrace
