23:28:19 **** Auto Build of configuration Debug for project cpu0_linux_app ****
make all 
'Building target: cpu0_linux_app.elf'
'Invoking: ARM v7 Linux gcc linker'
arm-linux-gnueabihf-gcc  -o "cpu0_linux_app.elf"  ./src/linux_app.o   
'Finished building target: cpu0_linux_app.elf'
' '
'Invoking: ARM v7 Linux Print Size'
arm-linux-gnueabihf-size cpu0_linux_app.elf  |tee "cpu0_linux_app.elf.size"
   text	   data	    bss	    dec	    hex	filename
   3662	    340	    192	   4194	   1062	cpu0_linux_app.elf
'Finished building: cpu0_linux_app.elf.size'
' '

23:28:22 Build Finished (took 2s.811ms)

