02:23:52 **** Build of configuration Debug for project cpu1_echo_bsp_xscutimer_intr_example_1 ****
make pre-build main-build 
a9-linaro-pre-build-step
' '
'Building file: ../src/xscutimer_intr_example.c'
'Invoking: ARM v7 gcc compiler'
arm-none-eabi-gcc -Wall -O0 -g3 -c -fmessage-length=0 -MT"src/xscutimer_intr_example.o" -mcpu=cortex-a9 -mfpu=vfpv3 -mfloat-abi=hard -I../../cpu1_echo_bsp/ps7_cortexa9_1/include -MMD -MP -MF"src/xscutimer_intr_example.d" -MT"src/xscutimer_intr_example.o" -o "src/xscutimer_intr_example.o" "../src/xscutimer_intr_example.c"
'Finished building: ../src/xscutimer_intr_example.c'
' '
'Building target: cpu1_echo_bsp_xscutimer_intr_example_1.elf'
'Invoking: ARM v7 gcc linker'
arm-none-eabi-gcc -mcpu=cortex-a9 -mfpu=vfpv3 -mfloat-abi=hard -Wl,-build-id=none -specs=Xilinx.spec -Wl,-T -Wl,../src/lscript.ld -L../../cpu1_echo_bsp/ps7_cortexa9_1/lib -o "cpu1_echo_bsp_xscutimer_intr_example_1.elf"  ./src/xscutimer_intr_example.o   -Wl,--start-group,-lxil,-lgcc,-lc,--end-group -Wl,--start-group,-lxil,-lmetal,-lopen_amp,-lgcc,-lc,--end-group -Wl,--start-group,-lxil,-lmetal,-lgcc,-lc,--end-group
'Finished building target: cpu1_echo_bsp_xscutimer_intr_example_1.elf'
' '
'Invoking: ARM v7 Print Size'
arm-none-eabi-size cpu1_echo_bsp_xscutimer_intr_example_1.elf  |tee "cpu1_echo_bsp_xscutimer_intr_example_1.elf.size"
   text	   data	    bss	    dec	    hex	filename
  26112	   2732	  22616	  51460	   c904	cpu1_echo_bsp_xscutimer_intr_example_1.elf
'Finished building: cpu1_echo_bsp_xscutimer_intr_example_1.elf.size'
' '

02:23:53 Build Finished (took 1s.302ms)

