00:57:48 **** Build of project cpu1_amp ****
make -k all 
"Running Make include in ps7_cortexa9_1/libsrc/addition_v1_0/src"
make -C ps7_cortexa9_1/libsrc/addition_v1_0/src -s include  "SHELL=CMD" "COMPILER=arm-none-eabi-gcc" "ARCHIVER=arm-none-eabi-ar" "COMPILER_FLAGS=  -O2 -c" "EXTRA_COMPILER_FLAGS=-mcpu=cortex-a9 -mfpu=vfpv3 -mfloat-abi=hard -nostartfiles   -DUSE_AMP=1 -DUNDEFINE_FILE_OPS"
"Running Make include in ps7_cortexa9_1/libsrc/canps_v3_2/src"
make -C ps7_cortexa9_1/libsrc/canps_v3_2/src -s include  "SHELL=CMD" "COMPILER=arm-none-eabi-gcc" "ARCHIVER=arm-none-eabi-ar" "COMPILER_FLAGS=  -O2 -c" "EXTRA_COMPILER_FLAGS=-mcpu=cortex-a9 -mfpu=vfpv3 -mfloat-abi=hard -nostartfiles   -DUSE_AMP=1 -DUNDEFINE_FILE_OPS"
"Running Make include in ps7_cortexa9_1/libsrc/coresightps_dcc_v1_3/src"
make -C ps7_cortexa9_1/libsrc/coresightps_dcc_v1_3/src -s include  "SHELL=CMD" "COMPILER=arm-none-eabi-gcc" "ARCHIVER=arm-none-eabi-ar" "COMPILER_FLAGS=  -O2 -c" "EXTRA_COMPILER_FLAGS=-mcpu=cortex-a9 -mfpu=vfpv3 -mfloat-abi=hard -nostartfiles   -DUSE_AMP=1 -DUNDEFINE_FILE_OPS"
"Running Make include in ps7_cortexa9_1/libsrc/cpu_cortexa9_v2_3/src"
make -C ps7_cortexa9_1/libsrc/cpu_cortexa9_v2_3/src -s include  "SHELL=CMD" "COMPILER=arm-none-eabi-gcc" "ARCHIVER=arm-none-eabi-ar" "COMPILER_FLAGS=  -O2 -c" "EXTRA_COMPILER_FLAGS=-mcpu=cortex-a9 -mfpu=vfpv3 -mfloat-abi=hard -nostartfiles   -DUSE_AMP=1 -DUNDEFINE_FILE_OPS"
"Running Make include in ps7_cortexa9_1/libsrc/ddrps_v1_0/src"
make -C ps7_cortexa9_1/libsrc/ddrps_v1_0/src -s include  "SHELL=CMD" "COMPILER=arm-none-eabi-gcc" "ARCHIVER=arm-none-eabi-ar" "COMPILER_FLAGS=  -O2 -c" "EXTRA_COMPILER_FLAGS=-mcpu=cortex-a9 -mfpu=vfpv3 -mfloat-abi=hard -nostartfiles   -DUSE_AMP=1 -DUNDEFINE_FILE_OPS"
"Running Make include in ps7_cortexa9_1/libsrc/devcfg_v3_4/src"
make -C ps7_cortexa9_1/libsrc/devcfg_v3_4/src -s include  "SHELL=CMD" "COMPILER=arm-none-eabi-gcc" "ARCHIVER=arm-none-eabi-ar" "COMPILER_FLAGS=  -O2 -c" "EXTRA_COMPILER_FLAGS=-mcpu=cortex-a9 -mfpu=vfpv3 -mfloat-abi=hard -nostartfiles   -DUSE_AMP=1 -DUNDEFINE_FILE_OPS"
"Running Make include in ps7_cortexa9_1/libsrc/dmaps_v2_3/src"
make -C ps7_cortexa9_1/libsrc/dmaps_v2_3/src -s include  "SHELL=CMD" "COMPILER=arm-none-eabi-gcc" "ARCHIVER=arm-none-eabi-ar" "COMPILER_FLAGS=  -O2 -c" "EXTRA_COMPILER_FLAGS=-mcpu=cortex-a9 -mfpu=vfpv3 -mfloat-abi=hard -nostartfiles   -DUSE_AMP=1 -DUNDEFINE_FILE_OPS"
"Running Make include in ps7_cortexa9_1/libsrc/emacps_v3_3/src"
make -C ps7_cortexa9_1/libsrc/emacps_v3_3/src -s include  "SHELL=CMD" "COMPILER=arm-none-eabi-gcc" "ARCHIVER=arm-none-eabi-ar" "COMPILER_FLAGS=  -O2 -c" "EXTRA_COMPILER_FLAGS=-mcpu=cortex-a9 -mfpu=vfpv3 -mfloat-abi=hard -nostartfiles   -DUSE_AMP=1 -DUNDEFINE_FILE_OPS"
"Running Make include in ps7_cortexa9_1/libsrc/gpio_v4_3/src"
make -C ps7_cortexa9_1/libsrc/gpio_v4_3/src -s include  "SHELL=CMD" "COMPILER=arm-none-eabi-gcc" "ARCHIVER=arm-none-eabi-ar" "COMPILER_FLAGS=  -O2 -c" "EXTRA_COMPILER_FLAGS=-mcpu=cortex-a9 -mfpu=vfpv3 -mfloat-abi=hard -nostartfiles   -DUSE_AMP=1 -DUNDEFINE_FILE_OPS"
"Running Make include in ps7_cortexa9_1/libsrc/gpiops_v3_1/src"
make -C ps7_cortexa9_1/libsrc/gpiops_v3_1/src -s include  "SHELL=CMD" "COMPILER=arm-none-eabi-gcc" "ARCHIVER=arm-none-eabi-ar" "COMPILER_FLAGS=  -O2 -c" "EXTRA_COMPILER_FLAGS=-mcpu=cortex-a9 -mfpu=vfpv3 -mfloat-abi=hard -nostartfiles   -DUSE_AMP=1 -DUNDEFINE_FILE_OPS"
"Running Make include in ps7_cortexa9_1/libsrc/iic_v3_4/src"
make -C ps7_cortexa9_1/libsrc/iic_v3_4/src -s include  "SHELL=CMD" "COMPILER=arm-none-eabi-gcc" "ARCHIVER=arm-none-eabi-ar" "COMPILER_FLAGS=  -O2 -c" "EXTRA_COMPILER_FLAGS=-mcpu=cortex-a9 -mfpu=vfpv3 -mfloat-abi=hard -nostartfiles   -DUSE_AMP=1 -DUNDEFINE_FILE_OPS"
"Running Make include in ps7_cortexa9_1/libsrc/iicps_v3_4/src"
make -C ps7_cortexa9_1/libsrc/iicps_v3_4/src -s include  "SHELL=CMD" "COMPILER=arm-none-eabi-gcc" "ARCHIVER=arm-none-eabi-ar" "COMPILER_FLAGS=  -O2 -c" "EXTRA_COMPILER_FLAGS=-mcpu=cortex-a9 -mfpu=vfpv3 -mfloat-abi=hard -nostartfiles   -DUSE_AMP=1 -DUNDEFINE_FILE_OPS"
"Running Make include in ps7_cortexa9_1/libsrc/libmetal_v1_1/src"
make -C ps7_cortexa9_1/libsrc/libmetal_v1_1/src -s include  "SHELL=CMD" "COMPILER=arm-none-eabi-gcc" "ARCHIVER=arm-none-eabi-ar" "COMPILER_FLAGS=  -O2 -c" "EXTRA_COMPILER_FLAGS=-mcpu=cortex-a9 -mfpu=vfpv3 -mfloat-abi=hard -nostartfiles   -DUSE_AMP=1 -DUNDEFINE_FILE_OPS"
"Running Make include in ps7_cortexa9_1/libsrc/openamp_v1_2/src"
make -C ps7_cortexa9_1/libsrc/openamp_v1_2/src -s include  "SHELL=CMD" "COMPILER=arm-none-eabi-gcc" "ARCHIVER=arm-none-eabi-ar" "COMPILER_FLAGS=  -O2 -c" "EXTRA_COMPILER_FLAGS=-mcpu=cortex-a9 -mfpu=vfpv3 -mfloat-abi=hard -nostartfiles   -DUSE_AMP=1 -DUNDEFINE_FILE_OPS"
"Running Make include in ps7_cortexa9_1/libsrc/PWM_v1_0/src"
make -C ps7_cortexa9_1/libsrc/PWM_v1_0/src -s include  "SHELL=CMD" "COMPILER=arm-none-eabi-gcc" "ARCHIVER=arm-none-eabi-ar" "COMPILER_FLAGS=  -O2 -c" "EXTRA_COMPILER_FLAGS=-mcpu=cortex-a9 -mfpu=vfpv3 -mfloat-abi=hard -nostartfiles   -DUSE_AMP=1 -DUNDEFINE_FILE_OPS"
"Running Make include in ps7_cortexa9_1/libsrc/qspips_v3_3/src"
make -C ps7_cortexa9_1/libsrc/qspips_v3_3/src -s include  "SHELL=CMD" "COMPILER=arm-none-eabi-gcc" "ARCHIVER=arm-none-eabi-ar" "COMPILER_FLAGS=  -O2 -c" "EXTRA_COMPILER_FLAGS=-mcpu=cortex-a9 -mfpu=vfpv3 -mfloat-abi=hard -nostartfiles   -DUSE_AMP=1 -DUNDEFINE_FILE_OPS"
"Running Make include in ps7_cortexa9_1/libsrc/scugic_v3_5/src"
make -C ps7_cortexa9_1/libsrc/scugic_v3_5/src -s include  "SHELL=CMD" "COMPILER=arm-none-eabi-gcc" "ARCHIVER=arm-none-eabi-ar" "COMPILER_FLAGS=  -O2 -c" "EXTRA_COMPILER_FLAGS=-mcpu=cortex-a9 -mfpu=vfpv3 -mfloat-abi=hard -nostartfiles   -DUSE_AMP=1 -DUNDEFINE_FILE_OPS"
"Running Make include in ps7_cortexa9_1/libsrc/scutimer_v2_1/src"
make -C ps7_cortexa9_1/libsrc/scutimer_v2_1/src -s include  "SHELL=CMD" "COMPILER=arm-none-eabi-gcc" "ARCHIVER=arm-none-eabi-ar" "COMPILER_FLAGS=  -O2 -c" "EXTRA_COMPILER_FLAGS=-mcpu=cortex-a9 -mfpu=vfpv3 -mfloat-abi=hard -nostartfiles   -DUSE_AMP=1 -DUNDEFINE_FILE_OPS"
"Running Make include in ps7_cortexa9_1/libsrc/scuwdt_v2_1/src"
make -C ps7_cortexa9_1/libsrc/scuwdt_v2_1/src -s include  "SHELL=CMD" "COMPILER=arm-none-eabi-gcc" "ARCHIVER=arm-none-eabi-ar" "COMPILER_FLAGS=  -O2 -c" "EXTRA_COMPILER_FLAGS=-mcpu=cortex-a9 -mfpu=vfpv3 -mfloat-abi=hard -nostartfiles   -DUSE_AMP=1 -DUNDEFINE_FILE_OPS"
"Running Make include in ps7_cortexa9_1/libsrc/sdps_v3_1/src"
make -C ps7_cortexa9_1/libsrc/sdps_v3_1/src -s include  "SHELL=CMD" "COMPILER=arm-none-eabi-gcc" "ARCHIVER=arm-none-eabi-ar" "COMPILER_FLAGS=  -O2 -c" "EXTRA_COMPILER_FLAGS=-mcpu=cortex-a9 -mfpu=vfpv3 -mfloat-abi=hard -nostartfiles   -DUSE_AMP=1 -DUNDEFINE_FILE_OPS"
"Running Make include in ps7_cortexa9_1/libsrc/standalone_v6_1/src"
make -C ps7_cortexa9_1/libsrc/standalone_v6_1/src -s include  "SHELL=CMD" "COMPILER=arm-none-eabi-gcc" "ARCHIVER=arm-none-eabi-ar" "COMPILER_FLAGS=  -O2 -c" "EXTRA_COMPILER_FLAGS=-mcpu=cortex-a9 -mfpu=vfpv3 -mfloat-abi=hard -nostartfiles   -DUSE_AMP=1 -DUNDEFINE_FILE_OPS"
"Running Make include in ps7_cortexa9_1/libsrc/ttcps_v3_2/src"
make -C ps7_cortexa9_1/libsrc/ttcps_v3_2/src -s include  "SHELL=CMD" "COMPILER=arm-none-eabi-gcc" "ARCHIVER=arm-none-eabi-ar" "COMPILER_FLAGS=  -O2 -c" "EXTRA_COMPILER_FLAGS=-mcpu=cortex-a9 -mfpu=vfpv3 -mfloat-abi=hard -nostartfiles   -DUSE_AMP=1 -DUNDEFINE_FILE_OPS"
"Running Make include in ps7_cortexa9_1/libsrc/uartlite_v3_2/src"
make -C ps7_cortexa9_1/libsrc/uartlite_v3_2/src -s include  "SHELL=CMD" "COMPILER=arm-none-eabi-gcc" "ARCHIVER=arm-none-eabi-ar" "COMPILER_FLAGS=  -O2 -c" "EXTRA_COMPILER_FLAGS=-mcpu=cortex-a9 -mfpu=vfpv3 -mfloat-abi=hard -nostartfiles   -DUSE_AMP=1 -DUNDEFINE_FILE_OPS"
"Running Make include in ps7_cortexa9_1/libsrc/uartps_v3_3/src"
make -C ps7_cortexa9_1/libsrc/uartps_v3_3/src -s include  "SHELL=CMD" "COMPILER=arm-none-eabi-gcc" "ARCHIVER=arm-none-eabi-ar" "COMPILER_FLAGS=  -O2 -c" "EXTRA_COMPILER_FLAGS=-mcpu=cortex-a9 -mfpu=vfpv3 -mfloat-abi=hard -nostartfiles   -DUSE_AMP=1 -DUNDEFINE_FILE_OPS"
"Running Make include in ps7_cortexa9_1/libsrc/usbps_v2_4/src"
make -C ps7_cortexa9_1/libsrc/usbps_v2_4/src -s include  "SHELL=CMD" "COMPILER=arm-none-eabi-gcc" "ARCHIVER=arm-none-eabi-ar" "COMPILER_FLAGS=  -O2 -c" "EXTRA_COMPILER_FLAGS=-mcpu=cortex-a9 -mfpu=vfpv3 -mfloat-abi=hard -nostartfiles   -DUSE_AMP=1 -DUNDEFINE_FILE_OPS"
"Running Make include in ps7_cortexa9_1/libsrc/xadcps_v2_2/src"
make -C ps7_cortexa9_1/libsrc/xadcps_v2_2/src -s include  "SHELL=CMD" "COMPILER=arm-none-eabi-gcc" "ARCHIVER=arm-none-eabi-ar" "COMPILER_FLAGS=  -O2 -c" "EXTRA_COMPILER_FLAGS=-mcpu=cortex-a9 -mfpu=vfpv3 -mfloat-abi=hard -nostartfiles   -DUSE_AMP=1 -DUNDEFINE_FILE_OPS"
"Running Make libs in ps7_cortexa9_1/libsrc/addition_v1_0/src"
make -C ps7_cortexa9_1/libsrc/addition_v1_0/src -s libs  "SHELL=CMD" "COMPILER=arm-none-eabi-gcc" "ARCHIVER=arm-none-eabi-ar" "COMPILER_FLAGS=  -O2 -c" "EXTRA_COMPILER_FLAGS=-mcpu=cortex-a9 -mfpu=vfpv3 -mfloat-abi=hard -nostartfiles   -DUSE_AMP=1 -DUNDEFINE_FILE_OPS"
"Compiling addition..."
arm-none-eabi-ar: creating ../../../lib/libxil.a
"Running Make libs in ps7_cortexa9_1/libsrc/canps_v3_2/src"
make -C ps7_cortexa9_1/libsrc/canps_v3_2/src -s libs  "SHELL=CMD" "COMPILER=arm-none-eabi-gcc" "ARCHIVER=arm-none-eabi-ar" "COMPILER_FLAGS=  -O2 -c" "EXTRA_COMPILER_FLAGS=-mcpu=cortex-a9 -mfpu=vfpv3 -mfloat-abi=hard -nostartfiles   -DUSE_AMP=1 -DUNDEFINE_FILE_OPS"
"Compiling canps"
"Running Make libs in ps7_cortexa9_1/libsrc/coresightps_dcc_v1_3/src"
make -C ps7_cortexa9_1/libsrc/coresightps_dcc_v1_3/src -s libs  "SHELL=CMD" "COMPILER=arm-none-eabi-gcc" "ARCHIVER=arm-none-eabi-ar" "COMPILER_FLAGS=  -O2 -c" "EXTRA_COMPILER_FLAGS=-mcpu=cortex-a9 -mfpu=vfpv3 -mfloat-abi=hard -nostartfiles   -DUSE_AMP=1 -DUNDEFINE_FILE_OPS"
"Compiling coresightps_dcc"
"Running Make libs in ps7_cortexa9_1/libsrc/cpu_cortexa9_v2_3/src"
make -C ps7_cortexa9_1/libsrc/cpu_cortexa9_v2_3/src -s libs  "SHELL=CMD" "COMPILER=arm-none-eabi-gcc" "ARCHIVER=arm-none-eabi-ar" "COMPILER_FLAGS=  -O2 -c" "EXTRA_COMPILER_FLAGS=-mcpu=cortex-a9 -mfpu=vfpv3 -mfloat-abi=hard -nostartfiles   -DUSE_AMP=1 -DUNDEFINE_FILE_OPS"
"Compiling cpu_cortexa9"
"Running Make libs in ps7_cortexa9_1/libsrc/ddrps_v1_0/src"
make -C ps7_cortexa9_1/libsrc/ddrps_v1_0/src -s libs  "SHELL=CMD" "COMPILER=arm-none-eabi-gcc" "ARCHIVER=arm-none-eabi-ar" "COMPILER_FLAGS=  -O2 -c" "EXTRA_COMPILER_FLAGS=-mcpu=cortex-a9 -mfpu=vfpv3 -mfloat-abi=hard -nostartfiles   -DUSE_AMP=1 -DUNDEFINE_FILE_OPS"
"Compiling ddrps"
"Running Make libs in ps7_cortexa9_1/libsrc/devcfg_v3_4/src"
make -C ps7_cortexa9_1/libsrc/devcfg_v3_4/src -s libs  "SHELL=CMD" "COMPILER=arm-none-eabi-gcc" "ARCHIVER=arm-none-eabi-ar" "COMPILER_FLAGS=  -O2 -c" "EXTRA_COMPILER_FLAGS=-mcpu=cortex-a9 -mfpu=vfpv3 -mfloat-abi=hard -nostartfiles   -DUSE_AMP=1 -DUNDEFINE_FILE_OPS"
"Compiling devcfg"
"Running Make libs in ps7_cortexa9_1/libsrc/dmaps_v2_3/src"
make -C ps7_cortexa9_1/libsrc/dmaps_v2_3/src -s libs  "SHELL=CMD" "COMPILER=arm-none-eabi-gcc" "ARCHIVER=arm-none-eabi-ar" "COMPILER_FLAGS=  -O2 -c" "EXTRA_COMPILER_FLAGS=-mcpu=cortex-a9 -mfpu=vfpv3 -mfloat-abi=hard -nostartfiles   -DUSE_AMP=1 -DUNDEFINE_FILE_OPS"
"Compiling dmaps"
"Running Make libs in ps7_cortexa9_1/libsrc/emacps_v3_3/src"
make -C ps7_cortexa9_1/libsrc/emacps_v3_3/src -s libs  "SHELL=CMD" "COMPILER=arm-none-eabi-gcc" "ARCHIVER=arm-none-eabi-ar" "COMPILER_FLAGS=  -O2 -c" "EXTRA_COMPILER_FLAGS=-mcpu=cortex-a9 -mfpu=vfpv3 -mfloat-abi=hard -nostartfiles   -DUSE_AMP=1 -DUNDEFINE_FILE_OPS"
"Compiling emacps"
"Running Make libs in ps7_cortexa9_1/libsrc/gpio_v4_3/src"
make -C ps7_cortexa9_1/libsrc/gpio_v4_3/src -s libs  "SHELL=CMD" "COMPILER=arm-none-eabi-gcc" "ARCHIVER=arm-none-eabi-ar" "COMPILER_FLAGS=  -O2 -c" "EXTRA_COMPILER_FLAGS=-mcpu=cortex-a9 -mfpu=vfpv3 -mfloat-abi=hard -nostartfiles   -DUSE_AMP=1 -DUNDEFINE_FILE_OPS"
"Compiling gpio"
"Running Make libs in ps7_cortexa9_1/libsrc/gpiops_v3_1/src"
make -C ps7_cortexa9_1/libsrc/gpiops_v3_1/src -s libs  "SHELL=CMD" "COMPILER=arm-none-eabi-gcc" "ARCHIVER=arm-none-eabi-ar" "COMPILER_FLAGS=  -O2 -c" "EXTRA_COMPILER_FLAGS=-mcpu=cortex-a9 -mfpu=vfpv3 -mfloat-abi=hard -nostartfiles   -DUSE_AMP=1 -DUNDEFINE_FILE_OPS"
"Compiling gpiops"
"Running Make libs in ps7_cortexa9_1/libsrc/iic_v3_4/src"
make -C ps7_cortexa9_1/libsrc/iic_v3_4/src -s libs  "SHELL=CMD" "COMPILER=arm-none-eabi-gcc" "ARCHIVER=arm-none-eabi-ar" "COMPILER_FLAGS=  -O2 -c" "EXTRA_COMPILER_FLAGS=-mcpu=cortex-a9 -mfpu=vfpv3 -mfloat-abi=hard -nostartfiles   -DUSE_AMP=1 -DUNDEFINE_FILE_OPS"
"Compiling iic"
"Running Make libs in ps7_cortexa9_1/libsrc/iicps_v3_4/src"
make -C ps7_cortexa9_1/libsrc/iicps_v3_4/src -s libs  "SHELL=CMD" "COMPILER=arm-none-eabi-gcc" "ARCHIVER=arm-none-eabi-ar" "COMPILER_FLAGS=  -O2 -c" "EXTRA_COMPILER_FLAGS=-mcpu=cortex-a9 -mfpu=vfpv3 -mfloat-abi=hard -nostartfiles   -DUSE_AMP=1 -DUNDEFINE_FILE_OPS"
"Compiling iicps"
"Running Make libs in ps7_cortexa9_1/libsrc/libmetal_v1_1/src"
make -C ps7_cortexa9_1/libsrc/libmetal_v1_1/src -s libs  "SHELL=CMD" "COMPILER=arm-none-eabi-gcc" "ARCHIVER=arm-none-eabi-ar" "COMPILER_FLAGS=  -O2 -c" "EXTRA_COMPILER_FLAGS=-mcpu=cortex-a9 -mfpu=vfpv3 -mfloat-abi=hard -nostartfiles   -DUSE_AMP=1 -DUNDEFINE_FILE_OPS"
[100%] Built target metal-static
Install the project...
-- Install configuration: ""
-- Installing: ../../../include/metal/atomic.h
-- Installing: ../../../include/metal/compiler.h
-- Installing: ../../../include/metal/config.h
-- Installing: ../../../include/metal/device.h
-- Installing: ../../../include/metal/io.h
-- Installing: ../../../include/metal/list.h
-- Installing: ../../../include/metal/log.h
-- Installing: ../../../include/metal/mutex.h
-- Installing: ../../../include/metal/condition.h
-- Installing: ../../../include/metal/shmem.h
-- Installing: ../../../include/metal/sys.h
-- Installing: ../../../include/metal/utilities.h
-- Installing: ../../../include/metal/version.h
-- Installing: ../../../include/metal/cpu.h
-- Installing: ../../../include/metal/spinlock.h
-- Installing: ../../../include/metal/irq.h
-- Installing: ../../../include/metal/alloc.h
-- Installing: ../../../include/metal/cache.h
-- Installing: ../../../include/metal/dma.h
-- Installing: ../../../include/metal/time.h
-- Installing: ../../../include/metal/sleep.h
-- Installing: ../../../include/metal/compiler/gcc/atomic.h
-- Installing: ../../../include/metal/compiler/gcc/compiler.h
-- Installing: ../../../include/metal/processor/arm/atomic.h
-- Installing: ../../../include/metal/processor/arm/cpu.h
-- Installing: ../../../include/metal/system/generic/mutex.h
-- Installing: ../../../include/metal/system/generic/sys.h
-- Installing: ../../../include/metal/system/generic/condition.h
-- Installing: ../../../include/metal/system/generic/alloc.h
-- Installing: ../../../include/metal/system/generic/irq.h
-- Installing: ../../../include/metal/system/generic/zynq7/sys.h
-- Up-to-date: ../../../lib/libmetal.a
"Running Make libs in ps7_cortexa9_1/libsrc/openamp_v1_2/src"
make -C ps7_cortexa9_1/libsrc/openamp_v1_2/src -s libs  "SHELL=CMD" "COMPILER=arm-none-eabi-gcc" "ARCHIVER=arm-none-eabi-ar" "COMPILER_FLAGS=  -O2 -c" "EXTRA_COMPILER_FLAGS=-mcpu=cortex-a9 -mfpu=vfpv3 -mfloat-abi=hard -nostartfiles   -DUSE_AMP=1 -DUNDEFINE_FILE_OPS"
[100%] Built target open_amp-static
Install the project...
-- Install configuration: "Debug"
-- Up-to-date: ../../../lib/libopen_amp.a
-- Up-to-date: ../../../include/openamp
-- Installing: ../../../include/openamp/compiler.h
-- Installing: ../../../include/openamp/elf_loader.h
-- Installing: ../../../include/openamp/env.h
-- Installing: ../../../include/openamp/firmware.h
-- Installing: ../../../include/openamp/hil.h
-- Installing: ../../../include/openamp/open_amp.h
-- Installing: ../../../include/openamp/remoteproc.h
-- Installing: ../../../include/openamp/remoteproc_loader.h
-- Installing: ../../../include/openamp/rpmsg.h
-- Installing: ../../../include/openamp/rpmsg_core.h
-- Installing: ../../../include/openamp/rpmsg_retarget.h
-- Installing: ../../../include/openamp/rsc_table_parser.h
-- Installing: ../../../include/openamp/sh_mem.h
-- Installing: ../../../include/openamp/virtio.h
-- Installing: ../../../include/openamp/virtio_ring.h
-- Installing: ../../../include/openamp/virtqueue.h
"Running Make libs in ps7_cortexa9_1/libsrc/PWM_v1_0/src"
make -C ps7_cortexa9_1/libsrc/PWM_v1_0/src -s libs  "SHELL=CMD" "COMPILER=arm-none-eabi-gcc" "ARCHIVER=arm-none-eabi-ar" "COMPILER_FLAGS=  -O2 -c" "EXTRA_COMPILER_FLAGS=-mcpu=cortex-a9 -mfpu=vfpv3 -mfloat-abi=hard -nostartfiles   -DUSE_AMP=1 -DUNDEFINE_FILE_OPS"
"Compiling PWM..."
"Running Make libs in ps7_cortexa9_1/libsrc/qspips_v3_3/src"
make -C ps7_cortexa9_1/libsrc/qspips_v3_3/src -s libs  "SHELL=CMD" "COMPILER=arm-none-eabi-gcc" "ARCHIVER=arm-none-eabi-ar" "COMPILER_FLAGS=  -O2 -c" "EXTRA_COMPILER_FLAGS=-mcpu=cortex-a9 -mfpu=vfpv3 -mfloat-abi=hard -nostartfiles   -DUSE_AMP=1 -DUNDEFINE_FILE_OPS"
"Compiling qspips"
"Running Make libs in ps7_cortexa9_1/libsrc/scugic_v3_5/src"
make -C ps7_cortexa9_1/libsrc/scugic_v3_5/src -s libs  "SHELL=CMD" "COMPILER=arm-none-eabi-gcc" "ARCHIVER=arm-none-eabi-ar" "COMPILER_FLAGS=  -O2 -c" "EXTRA_COMPILER_FLAGS=-mcpu=cortex-a9 -mfpu=vfpv3 -mfloat-abi=hard -nostartfiles   -DUSE_AMP=1 -DUNDEFINE_FILE_OPS"
"Compiling scugic"
xscugic.c: In function 'DistributorInit':
xscugic.c:248:2: warning: #warning "Building GIC for AMP" [-Wcpp]
 #warning "Building GIC for AMP"
  ^
xscugic_hw.c: In function 'DistInit':
xscugic_hw.c:118:3: warning: #warning "Building GIC for AMP" [-Wcpp]
  #warning "Building GIC for AMP"
   ^
"Running Make libs in ps7_cortexa9_1/libsrc/scutimer_v2_1/src"
make -C ps7_cortexa9_1/libsrc/scutimer_v2_1/src -s libs  "SHELL=CMD" "COMPILER=arm-none-eabi-gcc" "ARCHIVER=arm-none-eabi-ar" "COMPILER_FLAGS=  -O2 -c" "EXTRA_COMPILER_FLAGS=-mcpu=cortex-a9 -mfpu=vfpv3 -mfloat-abi=hard -nostartfiles   -DUSE_AMP=1 -DUNDEFINE_FILE_OPS"
"Compiling scutimer"
"Running Make libs in ps7_cortexa9_1/libsrc/scuwdt_v2_1/src"
make -C ps7_cortexa9_1/libsrc/scuwdt_v2_1/src -s libs  "SHELL=CMD" "COMPILER=arm-none-eabi-gcc" "ARCHIVER=arm-none-eabi-ar" "COMPILER_FLAGS=  -O2 -c" "EXTRA_COMPILER_FLAGS=-mcpu=cortex-a9 -mfpu=vfpv3 -mfloat-abi=hard -nostartfiles   -DUSE_AMP=1 -DUNDEFINE_FILE_OPS"
"Compiling scuwdt"
"Running Make libs in ps7_cortexa9_1/libsrc/sdps_v3_1/src"
make -C ps7_cortexa9_1/libsrc/sdps_v3_1/src -s libs  "SHELL=CMD" "COMPILER=arm-none-eabi-gcc" "ARCHIVER=arm-none-eabi-ar" "COMPILER_FLAGS=  -O2 -c" "EXTRA_COMPILER_FLAGS=-mcpu=cortex-a9 -mfpu=vfpv3 -mfloat-abi=hard -nostartfiles   -DUSE_AMP=1 -DUNDEFINE_FILE_OPS"
"Compiling sdps"
"Running Make libs in ps7_cortexa9_1/libsrc/standalone_v6_1/src"
make -C ps7_cortexa9_1/libsrc/standalone_v6_1/src -s libs  "SHELL=CMD" "COMPILER=arm-none-eabi-gcc" "ARCHIVER=arm-none-eabi-ar" "COMPILER_FLAGS=  -O2 -c" "EXTRA_COMPILER_FLAGS=-mcpu=cortex-a9 -mfpu=vfpv3 -mfloat-abi=hard -nostartfiles   -DUSE_AMP=1 -DUNDEFINE_FILE_OPS"
"Compiling standalone"
"Running Make libs in ps7_cortexa9_1/libsrc/ttcps_v3_2/src"
make -C ps7_cortexa9_1/libsrc/ttcps_v3_2/src -s libs  "SHELL=CMD" "COMPILER=arm-none-eabi-gcc" "ARCHIVER=arm-none-eabi-ar" "COMPILER_FLAGS=  -O2 -c" "EXTRA_COMPILER_FLAGS=-mcpu=cortex-a9 -mfpu=vfpv3 -mfloat-abi=hard -nostartfiles   -DUSE_AMP=1 -DUNDEFINE_FILE_OPS"
"Compiling ttcps"
"Running Make libs in ps7_cortexa9_1/libsrc/uartlite_v3_2/src"
make -C ps7_cortexa9_1/libsrc/uartlite_v3_2/src -s libs  "SHELL=CMD" "COMPILER=arm-none-eabi-gcc" "ARCHIVER=arm-none-eabi-ar" "COMPILER_FLAGS=  -O2 -c" "EXTRA_COMPILER_FLAGS=-mcpu=cortex-a9 -mfpu=vfpv3 -mfloat-abi=hard -nostartfiles   -DUSE_AMP=1 -DUNDEFINE_FILE_OPS"
"Compiling uartlite"
"Running Make libs in ps7_cortexa9_1/libsrc/uartps_v3_3/src"
make -C ps7_cortexa9_1/libsrc/uartps_v3_3/src -s libs  "SHELL=CMD" "COMPILER=arm-none-eabi-gcc" "ARCHIVER=arm-none-eabi-ar" "COMPILER_FLAGS=  -O2 -c" "EXTRA_COMPILER_FLAGS=-mcpu=cortex-a9 -mfpu=vfpv3 -mfloat-abi=hard -nostartfiles   -DUSE_AMP=1 -DUNDEFINE_FILE_OPS"
"Compiling uartps"
"Running Make libs in ps7_cortexa9_1/libsrc/usbps_v2_4/src"
make -C ps7_cortexa9_1/libsrc/usbps_v2_4/src -s libs  "SHELL=CMD" "COMPILER=arm-none-eabi-gcc" "ARCHIVER=arm-none-eabi-ar" "COMPILER_FLAGS=  -O2 -c" "EXTRA_COMPILER_FLAGS=-mcpu=cortex-a9 -mfpu=vfpv3 -mfloat-abi=hard -nostartfiles   -DUSE_AMP=1 -DUNDEFINE_FILE_OPS"
"Compiling usbps"
"Running Make libs in ps7_cortexa9_1/libsrc/xadcps_v2_2/src"
make -C ps7_cortexa9_1/libsrc/xadcps_v2_2/src -s libs  "SHELL=CMD" "COMPILER=arm-none-eabi-gcc" "ARCHIVER=arm-none-eabi-ar" "COMPILER_FLAGS=  -O2 -c" "EXTRA_COMPILER_FLAGS=-mcpu=cortex-a9 -mfpu=vfpv3 -mfloat-abi=hard -nostartfiles   -DUSE_AMP=1 -DUNDEFINE_FILE_OPS"
"Compiling xadcps"
'Finished building libraries'
00:58:21 **** Build of configuration Debug for project cpp_test_openAMP ****
make pre-build main-build 
a9-linaro-pre-build-step
' '
'Building file: ../src/helper.cc'
'Invoking: ARM v7 g++ compiler'
arm-none-eabi-g++ -Wall -O0 -g3 -c -fmessage-length=0 -MT"src/helper.o" -mcpu=cortex-a9 -mfpu=vfpv3 -mfloat-abi=hard -I../../cpu1_amp/ps7_cortexa9_1/include -MMD -MP -MF"src/helper.d" -MT"src/helper.o" -o "src/helper.o" "../src/helper.cc"
'Finished building: ../src/helper.cc'
' '
'Building file: ../src/main.cc'
'Invoking: ARM v7 g++ compiler'
arm-none-eabi-g++ -Wall -O0 -g3 -c -fmessage-length=0 -MT"src/main.o" -mcpu=cortex-a9 -mfpu=vfpv3 -mfloat-abi=hard -I../../cpu1_amp/ps7_cortexa9_1/include -MMD -MP -MF"src/main.d" -MT"src/main.o" -o "src/main.o" "../src/main.cc"
../src/main.cc: In function 'unsigned int SUM_ALL(data_array*)':
../src/main.cc:175:16: warning: comparison between signed and unsigned integer expressions [-Wsign-compare]
  for(int i=0; i<INPUT->size; i++)
                ^
../src/main.cc: In function 'int app(hil_proc*)':
../src/main.cc:203:112: warning: format '%x' expects argument of type 'unsigned int', but argument 2 has type 'u32 {aka long unsigned int}' [-Wformat=]
  printf("Callback ->ICDISER[0:2]:  %x,%x,%x\r\n",Xil_In32(0xF8F01100),Xil_In32(0xF8F01104),Xil_In32(0xF8F01108));
                                                                                                                ^
../src/main.cc:203:112: warning: format '%x' expects argument of type 'unsigned int', but argument 3 has type 'u32 {aka long unsigned int}' [-Wformat=]
../src/main.cc:203:112: warning: format '%x' expects argument of type 'unsigned int', but argument 4 has type 'u32 {aka long unsigned int}' [-Wformat=]
../src/main.cc:203:112: warning: format '%x' expects argument of type 'unsigned int', but argument 2 has type 'u32 {aka long unsigned int}' [-Wformat=]
../src/main.cc:203:112: warning: format '%x' expects argument of type 'unsigned int', but argument 3 has type 'u32 {aka long unsigned int}' [-Wformat=]
../src/main.cc:203:112: warning: format '%x' expects argument of type 'unsigned int', but argument 4 has type 'u32 {aka long unsigned int}' [-Wformat=]
../src/main.cc:204:112: warning: format '%x' expects argument of type 'unsigned int', but argument 2 has type 'u32 {aka long unsigned int}' [-Wformat=]
  printf("Interrupt active:ICDABR0: %x,%x,%x\r\n",Xil_In32(0xF8F01300),Xil_In32(0xF8F01304),Xil_In32(0xF8F01308));
                                                                                                                ^
../src/main.cc:204:112: warning: format '%x' expects argument of type 'unsigned int', but argument 3 has type 'u32 {aka long unsigned int}' [-Wformat=]
../src/main.cc:204:112: warning: format '%x' expects argument of type 'unsigned int', but argument 4 has type 'u32 {aka long unsigned int}' [-Wformat=]
../src/main.cc:204:112: warning: format '%x' expects argument of type 'unsigned int', but argument 2 has type 'u32 {aka long unsigned int}' [-Wformat=]
../src/main.cc:204:112: warning: format '%x' expects argument of type 'unsigned int', but argument 3 has type 'u32 {aka long unsigned int}' [-Wformat=]
../src/main.cc:204:112: warning: format '%x' expects argument of type 'unsigned int', but argument 4 has type 'u32 {aka long unsigned int}' [-Wformat=]
../src/main.cc:205:91: warning: format '%x' expects argument of type 'unsigned int', but argument 2 has type 'u32 {aka long unsigned int}' [-Wformat=]
  printf("ICDIPTR3:15/14 ->ICDIPTR7:29:%x,%x\r\n",Xil_In32(0xF8F0180C),Xil_In32(0xF8F0181C));
                                                                                           ^
../src/main.cc:205:91: warning: format '%x' expects argument of type 'unsigned int', but argument 3 has type 'u32 {aka long unsigned int}' [-Wformat=]
../src/main.cc:205:91: warning: format '%x' expects argument of type 'unsigned int', but argument 2 has type 'u32 {aka long unsigned int}' [-Wformat=]
../src/main.cc:205:91: warning: format '%x' expects argument of type 'unsigned int', but argument 3 has type 'u32 {aka long unsigned int}' [-Wformat=]
../src/main.cc:206:50: warning: format '%x' expects argument of type 'unsigned int', but argument 2 has type 'u32 {aka long unsigned int}' [-Wformat=]
  printf("SGI:ICDSGIR:%x\r\n",Xil_In32(0xF8F01F00));
                                                  ^
../src/main.cc:206:50: warning: format '%x' expects argument of type 'unsigned int', but argument 2 has type 'u32 {aka long unsigned int}' [-Wformat=]
../src/main.cc: In function 'void TimerIntrHandler(void*)':
../src/main.cc:367:113: warning: operation on 'counter' may be undefined [-Wsequence-point]
   xil_printf("Timer: %d,%d,%x!!\r\n",counter++,XScuTimer_GetCounterValue(&Timer),Xil_In32(0x20000000+counter*4));
                                                                                                                 ^
../src/main.cc: At global scope:
../src/main.cc:113:15: warning: 'matrix_array' defined but not used [-Wunused-variable]
 static matrix matrix_array[NUM_MATRIX];
               ^
../src/main.cc:114:15: warning: 'matrix_result' defined but not used [-Wunused-variable]
 static matrix matrix_result;
               ^
../src/main.cc:155:13: warning: 'void Matrix_Multiply(const matrix*, const matrix*, matrix*)' defined but not used [-Wunused-function]
 static void Matrix_Multiply(const matrix *m, const matrix *n, matrix *r)
             ^
'Finished building: ../src/main.cc'
' '
'Building file: ../src/platform_info.c'
'Invoking: ARM v7 g++ compiler'
arm-none-eabi-g++ -Wall -O0 -g3 -c -fmessage-length=0 -MT"src/platform_info.o" -mcpu=cortex-a9 -mfpu=vfpv3 -mfloat-abi=hard -I../../cpu1_amp/ps7_cortexa9_1/include -MMD -MP -MF"src/platform_info.d" -MT"src/platform_info.o" -o "src/platform_info.o" "../src/platform_info.c"
../src/platform_info.c: In function 'hil_proc* platform_create_proc(int)':
../src/platform_info.c:73:48: warning: deprecated conversion from string constant to 'char*' [-Wwrite-strings]
  hil_set_rpmsg_channel(proc, 0, RPMSG_CHAN_NAME);
                                                ^
'Finished building: ../src/platform_info.c'
' '
'Building file: ../src/rsc_table.c'
'Invoking: ARM v7 g++ compiler'
arm-none-eabi-g++ -Wall -O0 -g3 -c -fmessage-length=0 -MT"src/rsc_table.o" -mcpu=cortex-a9 -mfpu=vfpv3 -mfloat-abi=hard -I../../cpu1_amp/ps7_cortexa9_1/include -MMD -MP -MF"src/rsc_table.d" -MT"src/rsc_table.o" -o "src/rsc_table.o" "../src/rsc_table.c"
'Finished building: ../src/rsc_table.c'
' '
'Building target: cpp_test_openAMP.elf'
'Invoking: ARM v7 g++ linker'
arm-none-eabi-g++ -mcpu=cortex-a9 -mfpu=vfpv3 -mfloat-abi=hard -Wl,-build-id=none -specs=Xilinx.spec -Wl,-T -Wl,../src/lscript.ld -L../../cpu1_amp/ps7_cortexa9_1/lib -o "cpp_test_openAMP.elf"  ./src/helper.o ./src/main.o ./src/platform_info.o ./src/rsc_table.o   -Wl,--start-group,-lxil,-lgcc,-lc,-lstdc++,--end-group -Wl,--start-group,-lxil,-lmetal,-lgcc,-lc,--end-group -Wl,--start-group,-lxil,-lmetal,-lopen_amp,-lgcc,-lc,--end-group
'Finished building target: cpp_test_openAMP.elf'
' '
'Invoking: ARM v7 Print Size'
arm-none-eabi-size cpp_test_openAMP.elf  |tee "cpp_test_openAMP.elf.size"
   text	   data	    bss	    dec	    hex	filename
 109384	   4592	  50816	 164792	  283b8	cpp_test_openAMP.elf
'Finished building: cpp_test_openAMP.elf.size'
' '
