17:21:11 **** Incremental Build of configuration Debug for project matrix_origin ****
make pre-build main-build 
a9-linaro-pre-build-step
' '
make: Nothing to be done for `main-build'.
17:23:57 **** Auto Build of configuration Debug for project matrix_origin ****
make pre-build main-build 
a9-linaro-pre-build-step
' '
'Building file: ../src/matrix_multiply.c'
'Invoking: ARM v7 gcc compiler'
arm-none-eabi-gcc -Wall -O0 -g3 -c -fmessage-length=0 -MT"src/matrix_multiply.o" -mcpu=cortex-a9 -mfpu=vfpv3 -mfloat-abi=hard -I../../cpu1_amp/ps7_cortexa9_1/include -MMD -MP -MF"src/matrix_multiply.d" -MT"src/matrix_multiply.o" -o "src/matrix_multiply.o" "../src/matrix_multiply.c"
../src/matrix_multiply.c: In function 'app':
../src/matrix_multiply.c:206:9: warning: format '%x' expects argument of type 'unsigned int', but argument 2 has type 'u32 {aka long unsigned int}' [-Wformat=]
  printf("ICDISER1:%x \r\n",irq_reg0);
         ^
../src/matrix_multiply.c:206:9: warning: format '%x' expects argument of type 'unsigned int', but argument 2 has type 'u32 {aka long unsigned int}' [-Wformat=]
../src/matrix_multiply.c: In function 'rpmsg_read_cb':
../src/matrix_multiply.c:253:9: warning: format '%x' expects argument of type 'unsigned int', but argument 2 has type 'u32 {aka long unsigned int}' [-Wformat=]
  printf("Callback ->ICDISER[0:2]:%x,%x,%x\r\n",Xil_In32(0xF8F01100),Xil_In32(0xF8F01104),Xil_In32(0xF8F01108));
         ^
../src/matrix_multiply.c:253:9: warning: format '%x' expects argument of type 'unsigned int', but argument 3 has type 'u32 {aka long unsigned int}' [-Wformat=]
../src/matrix_multiply.c:253:9: warning: format '%x' expects argument of type 'unsigned int', but argument 4 has type 'u32 {aka long unsigned int}' [-Wformat=]
../src/matrix_multiply.c:253:9: warning: format '%x' expects argument of type 'unsigned int', but argument 2 has type 'u32 {aka long unsigned int}' [-Wformat=]
../src/matrix_multiply.c:253:9: warning: format '%x' expects argument of type 'unsigned int', but argument 3 has type 'u32 {aka long unsigned int}' [-Wformat=]
../src/matrix_multiply.c:253:9: warning: format '%x' expects argument of type 'unsigned int', but argument 4 has type 'u32 {aka long unsigned int}' [-Wformat=]
../src/matrix_multiply.c:254:9: warning: format '%x' expects argument of type 'unsigned int', but argument 2 has type 'u32 {aka long unsigned int}' [-Wformat=]
  printf("Callback ->ICDICFR[0:1]:%x,%x\r\n",Xil_In32(0xF8F01C00),Xil_In32(0xF8F01C04));
         ^
../src/matrix_multiply.c:254:9: warning: format '%x' expects argument of type 'unsigned int', but argument 3 has type 'u32 {aka long unsigned int}' [-Wformat=]
../src/matrix_multiply.c:254:9: warning: format '%x' expects argument of type 'unsigned int', but argument 2 has type 'u32 {aka long unsigned int}' [-Wformat=]
../src/matrix_multiply.c:254:9: warning: format '%x' expects argument of type 'unsigned int', but argument 3 has type 'u32 {aka long unsigned int}' [-Wformat=]
In file included from ../../cpu1_amp/ps7_cortexa9_1/include/xscugic.h:175:0,
                 from ../../cpu1_amp/ps7_cortexa9_1/include/metal/system/generic/./zynq7/sys.h:40,
                 from ../../cpu1_amp/ps7_cortexa9_1/include/metal/system/generic/sys.h:52,
                 from ../../cpu1_amp/ps7_cortexa9_1/include/metal/sys.h:108,
                 from ../../cpu1_amp/ps7_cortexa9_1/include/metal/dma.h:47,
                 from ../../cpu1_amp/ps7_cortexa9_1/include/openamp/virtqueue.h:37,
                 from ../../cpu1_amp/ps7_cortexa9_1/include/openamp/virtio.h:34,
                 from ../../cpu1_amp/ps7_cortexa9_1/include/openamp/rpmsg_core.h:35,
                 from ../../cpu1_amp/ps7_cortexa9_1/include/openamp/rpmsg.h:39,
                 from ../../cpu1_amp/ps7_cortexa9_1/include/openamp/open_amp.h:33,
                 from ../src/matrix_multiply.c:77:
../../cpu1_amp/ps7_cortexa9_1/include/xstatus.h:60:41: warning: 'return' with a value, in function returning void
 #define XST_FAILURE                     1L
                                         ^
../src/matrix_multiply.c:262:38: note: in expansion of macro 'XST_FAILURE'
   if (Status != XST_SUCCESS) {return XST_FAILURE; }
                                      ^
../../cpu1_amp/ps7_cortexa9_1/include/xstatus.h:60:41: warning: 'return' with a value, in function returning void
 #define XST_FAILURE                     1L
                                         ^
../src/matrix_multiply.c:279:38: note: in expansion of macro 'XST_FAILURE'
   if (Status != XST_SUCCESS) {return XST_FAILURE;}
                                      ^
../src/matrix_multiply.c: In function 'TimerIntrHandler':
../src/matrix_multiply.c:379:9: warning: format '%x' expects argument of type 'unsigned int', but argument 2 has type 'u32 {aka long unsigned int}' [-Wformat=]
  printf("Timer interrupt ->ICDISER[0:2]:%x,%x,%x\r\n",Xil_In32(0xF8F01100),Xil_In32(0xF8F01104),Xil_In32(0xF8F01108));
         ^
../src/matrix_multiply.c:379:9: warning: format '%x' expects argument of type 'unsigned int', but argument 3 has type 'u32 {aka long unsigned int}' [-Wformat=]
../src/matrix_multiply.c:379:9: warning: format '%x' expects argument of type 'unsigned int', but argument 4 has type 'u32 {aka long unsigned int}' [-Wformat=]
../src/matrix_multiply.c:379:9: warning: format '%x' expects argument of type 'unsigned int', but argument 2 has type 'u32 {aka long unsigned int}' [-Wformat=]
../src/matrix_multiply.c:379:9: warning: format '%x' expects argument of type 'unsigned int', but argument 3 has type 'u32 {aka long unsigned int}' [-Wformat=]
../src/matrix_multiply.c:379:9: warning: format '%x' expects argument of type 'unsigned int', but argument 4 has type 'u32 {aka long unsigned int}' [-Wformat=]
../src/matrix_multiply.c:380:9: warning: format '%x' expects argument of type 'unsigned int', but argument 2 has type 'u32 {aka long unsigned int}' [-Wformat=]
  printf("Timer interrupt ->ICDICFR[0:1]:%x,%x\r\n",Xil_In32(0xF8F01C00),Xil_In32(0xF8F01C04));
         ^
../src/matrix_multiply.c:380:9: warning: format '%x' expects argument of type 'unsigned int', but argument 3 has type 'u32 {aka long unsigned int}' [-Wformat=]
../src/matrix_multiply.c:380:9: warning: format '%x' expects argument of type 'unsigned int', but argument 2 has type 'u32 {aka long unsigned int}' [-Wformat=]
../src/matrix_multiply.c:380:9: warning: format '%x' expects argument of type 'unsigned int', but argument 3 has type 'u32 {aka long unsigned int}' [-Wformat=]
../src/matrix_multiply.c: At top level:
../src/matrix_multiply.c:108:15: warning: 'matrix_array' defined but not used [-Wunused-variable]
 static matrix matrix_array[NUM_MATRIX];
               ^
../src/matrix_multiply.c:109:15: warning: 'matrix_result' defined but not used [-Wunused-variable]
 static matrix matrix_result;
               ^
../src/matrix_multiply.c:386:13: warning: 'TimerDisableIntrSystem' defined but not used [-Wunused-function]
 static void TimerDisableIntrSystem(XScuGic *IntcInstancePtr, u16 TimerIntrId)
             ^
../src/matrix_multiply.c:158:13: warning: 'Matrix_Multiply' defined but not used [-Wunused-function]
 static void Matrix_Multiply(const matrix *m, const matrix *n, matrix *r)
             ^
'Finished building: ../src/matrix_multiply.c'
' '
'Building target: matrix_origin.elf'
'Invoking: ARM v7 gcc linker'
arm-none-eabi-gcc -mcpu=cortex-a9 -mfpu=vfpv3 -mfloat-abi=hard -Wl,-build-id=none -specs=Xilinx.spec -Wl,-T -Wl,../src/lscript.ld -L../../cpu1_amp/ps7_cortexa9_1/lib -o "matrix_origin.elf"  ./src/helper.o ./src/matrix_multiply.o ./src/platform_info.o ./src/rsc_table.o   -Wl,--start-group,-lxil,-lgcc,-lc,--end-group -Wl,--start-group,-lxil,-lmetal,-lgcc,-lc,--end-group -Wl,--start-group,-lxil,-lmetal,-lopen_amp,-lgcc,-lc,--end-group
'Finished building target: matrix_origin.elf'
' '
'Invoking: ARM v7 Print Size'
arm-none-eabi-size matrix_origin.elf  |tee "matrix_origin.elf.size"
   text	   data	    bss	    dec	    hex	filename
 101752	   4592	  50832	 157176	  265f8	matrix_origin.elf
'Finished building: matrix_origin.elf.size'
' '
17:58:32 **** Auto Build of configuration Debug for project matrix_origin ****
make pre-build main-build 
a9-linaro-pre-build-step
' '
'Building file: ../src/matrix_multiply.c'
'Invoking: ARM v7 gcc compiler'
arm-none-eabi-gcc -Wall -O0 -g3 -c -fmessage-length=0 -MT"src/matrix_multiply.o" -mcpu=cortex-a9 -mfpu=vfpv3 -mfloat-abi=hard -I../../cpu1_amp/ps7_cortexa9_1/include -MMD -MP -MF"src/matrix_multiply.d" -MT"src/matrix_multiply.o" -o "src/matrix_multiply.o" "../src/matrix_multiply.c"
../src/matrix_multiply.c: In function 'app':
../src/matrix_multiply.c:204:9: warning: format '%x' expects argument of type 'unsigned int', but argument 2 has type 'u32 {aka long unsigned int}' [-Wformat=]
  printf("Callback ->ICDISER[0:2]:%x,%x,%x\r\n",Xil_In32(0xF8F01100),Xil_In32(0xF8F01104),Xil_In32(0xF8F01108));
         ^
../src/matrix_multiply.c:204:9: warning: format '%x' expects argument of type 'unsigned int', but argument 3 has type 'u32 {aka long unsigned int}' [-Wformat=]
../src/matrix_multiply.c:204:9: warning: format '%x' expects argument of type 'unsigned int', but argument 4 has type 'u32 {aka long unsigned int}' [-Wformat=]
../src/matrix_multiply.c:204:9: warning: format '%x' expects argument of type 'unsigned int', but argument 2 has type 'u32 {aka long unsigned int}' [-Wformat=]
../src/matrix_multiply.c:204:9: warning: format '%x' expects argument of type 'unsigned int', but argument 3 has type 'u32 {aka long unsigned int}' [-Wformat=]
../src/matrix_multiply.c:204:9: warning: format '%x' expects argument of type 'unsigned int', but argument 4 has type 'u32 {aka long unsigned int}' [-Wformat=]
../src/matrix_multiply.c:205:9: warning: format '%x' expects argument of type 'unsigned int', but argument 2 has type 'u32 {aka long unsigned int}' [-Wformat=]
  printf("ICDIPTR3:15/14 ->ICDIPTR7:29:%x,%x\r\n",Xil_In32(0xF8F0180C),Xil_In32(0xF8F0181C));
         ^
../src/matrix_multiply.c:205:9: warning: format '%x' expects argument of type 'unsigned int', but argument 3 has type 'u32 {aka long unsigned int}' [-Wformat=]
../src/matrix_multiply.c:205:9: warning: format '%x' expects argument of type 'unsigned int', but argument 2 has type 'u32 {aka long unsigned int}' [-Wformat=]
../src/matrix_multiply.c:205:9: warning: format '%x' expects argument of type 'unsigned int', but argument 3 has type 'u32 {aka long unsigned int}' [-Wformat=]
../src/matrix_multiply.c: In function 'rpmsg_read_cb':
../src/matrix_multiply.c:252:9: warning: format '%x' expects argument of type 'unsigned int', but argument 2 has type 'u32 {aka long unsigned int}' [-Wformat=]
  printf("Callback ->ICDISER[0:2]:%x,%x,%x\r\n",Xil_In32(0xF8F01100),Xil_In32(0xF8F01104),Xil_In32(0xF8F01108));
         ^
../src/matrix_multiply.c:252:9: warning: format '%x' expects argument of type 'unsigned int', but argument 3 has type 'u32 {aka long unsigned int}' [-Wformat=]
../src/matrix_multiply.c:252:9: warning: format '%x' expects argument of type 'unsigned int', but argument 4 has type 'u32 {aka long unsigned int}' [-Wformat=]
../src/matrix_multiply.c:252:9: warning: format '%x' expects argument of type 'unsigned int', but argument 2 has type 'u32 {aka long unsigned int}' [-Wformat=]
../src/matrix_multiply.c:252:9: warning: format '%x' expects argument of type 'unsigned int', but argument 3 has type 'u32 {aka long unsigned int}' [-Wformat=]
../src/matrix_multiply.c:252:9: warning: format '%x' expects argument of type 'unsigned int', but argument 4 has type 'u32 {aka long unsigned int}' [-Wformat=]
../src/matrix_multiply.c:253:9: warning: format '%x' expects argument of type 'unsigned int', but argument 2 has type 'u32 {aka long unsigned int}' [-Wformat=]
  printf("ICDIPTR3:15/14 ->ICDIPTR7:29:%x,%x\r\n",Xil_In32(0xF8F0180C),Xil_In32(0xF8F0181C));
         ^
../src/matrix_multiply.c:253:9: warning: format '%x' expects argument of type 'unsigned int', but argument 3 has type 'u32 {aka long unsigned int}' [-Wformat=]
../src/matrix_multiply.c:253:9: warning: format '%x' expects argument of type 'unsigned int', but argument 2 has type 'u32 {aka long unsigned int}' [-Wformat=]
../src/matrix_multiply.c:253:9: warning: format '%x' expects argument of type 'unsigned int', but argument 3 has type 'u32 {aka long unsigned int}' [-Wformat=]
In file included from ../../cpu1_amp/ps7_cortexa9_1/include/xscugic.h:175:0,
                 from ../../cpu1_amp/ps7_cortexa9_1/include/metal/system/generic/./zynq7/sys.h:40,
                 from ../../cpu1_amp/ps7_cortexa9_1/include/metal/system/generic/sys.h:52,
                 from ../../cpu1_amp/ps7_cortexa9_1/include/metal/sys.h:108,
                 from ../../cpu1_amp/ps7_cortexa9_1/include/metal/dma.h:47,
                 from ../../cpu1_amp/ps7_cortexa9_1/include/openamp/virtqueue.h:37,
                 from ../../cpu1_amp/ps7_cortexa9_1/include/openamp/virtio.h:34,
                 from ../../cpu1_amp/ps7_cortexa9_1/include/openamp/rpmsg_core.h:35,
                 from ../../cpu1_amp/ps7_cortexa9_1/include/openamp/rpmsg.h:39,
                 from ../../cpu1_amp/ps7_cortexa9_1/include/openamp/open_amp.h:33,
                 from ../src/matrix_multiply.c:77:
../../cpu1_amp/ps7_cortexa9_1/include/xstatus.h:60:41: warning: 'return' with a value, in function returning void
 #define XST_FAILURE                     1L
                                         ^
../src/matrix_multiply.c:261:38: note: in expansion of macro 'XST_FAILURE'
   if (Status != XST_SUCCESS) {return XST_FAILURE; }
                                      ^
../../cpu1_amp/ps7_cortexa9_1/include/xstatus.h:60:41: warning: 'return' with a value, in function returning void
 #define XST_FAILURE                     1L
                                         ^
../src/matrix_multiply.c:278:38: note: in expansion of macro 'XST_FAILURE'
   if (Status != XST_SUCCESS) {return XST_FAILURE;}
                                      ^
../src/matrix_multiply.c: In function 'TimerIntrHandler':
../src/matrix_multiply.c:378:9: warning: format '%x' expects argument of type 'unsigned int', but argument 2 has type 'u32 {aka long unsigned int}' [-Wformat=]
  printf("Callback ->ICDISER[0:2]:%x,%x,%x\r\n",Xil_In32(0xF8F01100),Xil_In32(0xF8F01104),Xil_In32(0xF8F01108));
         ^
../src/matrix_multiply.c:378:9: warning: format '%x' expects argument of type 'unsigned int', but argument 3 has type 'u32 {aka long unsigned int}' [-Wformat=]
../src/matrix_multiply.c:378:9: warning: format '%x' expects argument of type 'unsigned int', but argument 4 has type 'u32 {aka long unsigned int}' [-Wformat=]
../src/matrix_multiply.c:378:9: warning: format '%x' expects argument of type 'unsigned int', but argument 2 has type 'u32 {aka long unsigned int}' [-Wformat=]
../src/matrix_multiply.c:378:9: warning: format '%x' expects argument of type 'unsigned int', but argument 3 has type 'u32 {aka long unsigned int}' [-Wformat=]
../src/matrix_multiply.c:378:9: warning: format '%x' expects argument of type 'unsigned int', but argument 4 has type 'u32 {aka long unsigned int}' [-Wformat=]
../src/matrix_multiply.c:379:9: warning: format '%x' expects argument of type 'unsigned int', but argument 2 has type 'u32 {aka long unsigned int}' [-Wformat=]
  printf("ICDIPTR3:15/14 ->ICDIPTR7:29:%x,%x\r\n",Xil_In32(0xF8F0180C),Xil_In32(0xF8F0181C));
         ^
../src/matrix_multiply.c:379:9: warning: format '%x' expects argument of type 'unsigned int', but argument 3 has type 'u32 {aka long unsigned int}' [-Wformat=]
../src/matrix_multiply.c:379:9: warning: format '%x' expects argument of type 'unsigned int', but argument 2 has type 'u32 {aka long unsigned int}' [-Wformat=]
../src/matrix_multiply.c:379:9: warning: format '%x' expects argument of type 'unsigned int', but argument 3 has type 'u32 {aka long unsigned int}' [-Wformat=]
../src/matrix_multiply.c: At top level:
../src/matrix_multiply.c:108:15: warning: 'matrix_array' defined but not used [-Wunused-variable]
 static matrix matrix_array[NUM_MATRIX];
               ^
../src/matrix_multiply.c:109:15: warning: 'matrix_result' defined but not used [-Wunused-variable]
 static matrix matrix_result;
               ^
../src/matrix_multiply.c:385:13: warning: 'TimerDisableIntrSystem' defined but not used [-Wunused-function]
 static void TimerDisableIntrSystem(XScuGic *IntcInstancePtr, u16 TimerIntrId)
             ^
../src/matrix_multiply.c:158:13: warning: 'Matrix_Multiply' defined but not used [-Wunused-function]
 static void Matrix_Multiply(const matrix *m, const matrix *n, matrix *r)
             ^
'Finished building: ../src/matrix_multiply.c'
' '
'Building target: matrix_origin.elf'
'Invoking: ARM v7 gcc linker'
arm-none-eabi-gcc -mcpu=cortex-a9 -mfpu=vfpv3 -mfloat-abi=hard -Wl,-build-id=none -specs=Xilinx.spec -Wl,-T -Wl,../src/lscript.ld -L../../cpu1_amp/ps7_cortexa9_1/lib -o "matrix_origin.elf"  ./src/helper.o ./src/matrix_multiply.o ./src/platform_info.o ./src/rsc_table.o   -Wl,--start-group,-lxil,-lgcc,-lc,--end-group -Wl,--start-group,-lxil,-lmetal,-lgcc,-lc,--end-group -Wl,--start-group,-lxil,-lmetal,-lopen_amp,-lgcc,-lc,--end-group
'Finished building target: matrix_origin.elf'
' '
'Invoking: ARM v7 Print Size'
arm-none-eabi-size matrix_origin.elf  |tee "matrix_origin.elf.size"
   text	   data	    bss	    dec	    hex	filename
 101720	   4592	  50832	 157144	  265d8	matrix_origin.elf
'Finished building: matrix_origin.elf.size'
' '
18:34:58 **** Auto Build of configuration Debug for project matrix_origin ****
make pre-build main-build 
a9-linaro-pre-build-step
' '
'Building file: ../src/matrix_multiply.c'
'Invoking: ARM v7 gcc compiler'
arm-none-eabi-gcc -Wall -O0 -g3 -c -fmessage-length=0 -MT"src/matrix_multiply.o" -mcpu=cortex-a9 -mfpu=vfpv3 -mfloat-abi=hard -I../../cpu1_amp/ps7_cortexa9_1/include -MMD -MP -MF"src/matrix_multiply.d" -MT"src/matrix_multiply.o" -o "src/matrix_multiply.o" "../src/matrix_multiply.c"
../src/matrix_multiply.c: In function 'app':
../src/matrix_multiply.c:204:9: warning: format '%x' expects argument of type 'unsigned int', but argument 2 has type 'u32 {aka long unsigned int}' [-Wformat=]
  printf("Callback ->ICDISER[0:2]:%x,%x,%x\r\n",Xil_In32(0xF8F01100),Xil_In32(0xF8F01104),Xil_In32(0xF8F01108));
         ^
../src/matrix_multiply.c:204:9: warning: format '%x' expects argument of type 'unsigned int', but argument 3 has type 'u32 {aka long unsigned int}' [-Wformat=]
../src/matrix_multiply.c:204:9: warning: format '%x' expects argument of type 'unsigned int', but argument 4 has type 'u32 {aka long unsigned int}' [-Wformat=]
../src/matrix_multiply.c:204:9: warning: format '%x' expects argument of type 'unsigned int', but argument 2 has type 'u32 {aka long unsigned int}' [-Wformat=]
../src/matrix_multiply.c:204:9: warning: format '%x' expects argument of type 'unsigned int', but argument 3 has type 'u32 {aka long unsigned int}' [-Wformat=]
../src/matrix_multiply.c:204:9: warning: format '%x' expects argument of type 'unsigned int', but argument 4 has type 'u32 {aka long unsigned int}' [-Wformat=]
../src/matrix_multiply.c:205:9: warning: format '%x' expects argument of type 'unsigned int', but argument 2 has type 'u32 {aka long unsigned int}' [-Wformat=]
  printf("ICDIPTR3:15/14 ->ICDIPTR7:29:%x,%x\r\n",Xil_In32(0xF8F0180C),Xil_In32(0xF8F0181C));
         ^
../src/matrix_multiply.c:205:9: warning: format '%x' expects argument of type 'unsigned int', but argument 3 has type 'u32 {aka long unsigned int}' [-Wformat=]
../src/matrix_multiply.c:205:9: warning: format '%x' expects argument of type 'unsigned int', but argument 2 has type 'u32 {aka long unsigned int}' [-Wformat=]
../src/matrix_multiply.c:205:9: warning: format '%x' expects argument of type 'unsigned int', but argument 3 has type 'u32 {aka long unsigned int}' [-Wformat=]
../src/matrix_multiply.c: In function 'rpmsg_read_cb':
../src/matrix_multiply.c:252:9: warning: format '%x' expects argument of type 'unsigned int', but argument 2 has type 'u32 {aka long unsigned int}' [-Wformat=]
  printf("Callback ->ICDISER[0:2]:%x,%x,%x\r\n",Xil_In32(0xF8F01100),Xil_In32(0xF8F01104),Xil_In32(0xF8F01108));
         ^
../src/matrix_multiply.c:252:9: warning: format '%x' expects argument of type 'unsigned int', but argument 3 has type 'u32 {aka long unsigned int}' [-Wformat=]
../src/matrix_multiply.c:252:9: warning: format '%x' expects argument of type 'unsigned int', but argument 4 has type 'u32 {aka long unsigned int}' [-Wformat=]
../src/matrix_multiply.c:252:9: warning: format '%x' expects argument of type 'unsigned int', but argument 2 has type 'u32 {aka long unsigned int}' [-Wformat=]
../src/matrix_multiply.c:252:9: warning: format '%x' expects argument of type 'unsigned int', but argument 3 has type 'u32 {aka long unsigned int}' [-Wformat=]
../src/matrix_multiply.c:252:9: warning: format '%x' expects argument of type 'unsigned int', but argument 4 has type 'u32 {aka long unsigned int}' [-Wformat=]
../src/matrix_multiply.c:253:9: warning: format '%x' expects argument of type 'unsigned int', but argument 2 has type 'u32 {aka long unsigned int}' [-Wformat=]
  printf("ICDIPTR3:15/14 ->ICDIPTR7:29:%x,%x\r\n",Xil_In32(0xF8F0180C),Xil_In32(0xF8F0181C));
         ^
../src/matrix_multiply.c:253:9: warning: format '%x' expects argument of type 'unsigned int', but argument 3 has type 'u32 {aka long unsigned int}' [-Wformat=]
../src/matrix_multiply.c:253:9: warning: format '%x' expects argument of type 'unsigned int', but argument 2 has type 'u32 {aka long unsigned int}' [-Wformat=]
../src/matrix_multiply.c:253:9: warning: format '%x' expects argument of type 'unsigned int', but argument 3 has type 'u32 {aka long unsigned int}' [-Wformat=]
In file included from ../../cpu1_amp/ps7_cortexa9_1/include/xscugic.h:175:0,
                 from ../../cpu1_amp/ps7_cortexa9_1/include/metal/system/generic/./zynq7/sys.h:40,
                 from ../../cpu1_amp/ps7_cortexa9_1/include/metal/system/generic/sys.h:52,
                 from ../../cpu1_amp/ps7_cortexa9_1/include/metal/sys.h:108,
                 from ../../cpu1_amp/ps7_cortexa9_1/include/metal/dma.h:47,
                 from ../../cpu1_amp/ps7_cortexa9_1/include/openamp/virtqueue.h:37,
                 from ../../cpu1_amp/ps7_cortexa9_1/include/openamp/virtio.h:34,
                 from ../../cpu1_amp/ps7_cortexa9_1/include/openamp/rpmsg_core.h:35,
                 from ../../cpu1_amp/ps7_cortexa9_1/include/openamp/rpmsg.h:39,
                 from ../../cpu1_amp/ps7_cortexa9_1/include/openamp/open_amp.h:33,
                 from ../src/matrix_multiply.c:77:
../../cpu1_amp/ps7_cortexa9_1/include/xstatus.h:60:41: warning: 'return' with a value, in function returning void
 #define XST_FAILURE                     1L
                                         ^
../src/matrix_multiply.c:261:38: note: in expansion of macro 'XST_FAILURE'
   if (Status != XST_SUCCESS) {return XST_FAILURE; }
                                      ^
../../cpu1_amp/ps7_cortexa9_1/include/xstatus.h:60:41: warning: 'return' with a value, in function returning void
 #define XST_FAILURE                     1L
                                         ^
../src/matrix_multiply.c:278:38: note: in expansion of macro 'XST_FAILURE'
   if (Status != XST_SUCCESS) {return XST_FAILURE;}
                                      ^
../src/matrix_multiply.c: In function 'TimerIntrHandler':
../src/matrix_multiply.c:378:2: error: 'GIC_ENABLE_SET' undeclared (first use in this function)
  GIC_ENABLE_SET;
  ^
../src/matrix_multiply.c:378:2: note: each undeclared identifier is reported only once for each function it appears in
../src/matrix_multiply.c:380:9: warning: format '%x' expects argument of type 'unsigned int', but argument 2 has type 'u32 {aka long unsigned int}' [-Wformat=]
  printf("Callback ->ICDISER[0:2]:%x,%x,%x\r\n",Xil_In32(0xF8F01100),Xil_In32(0xF8F01104),Xil_In32(0xF8F01108));
         ^
../src/matrix_multiply.c:380:9: warning: format '%x' expects argument of type 'unsigned int', but argument 3 has type 'u32 {aka long unsigned int}' [-Wformat=]
../src/matrix_multiply.c:380:9: warning: format '%x' expects argument of type 'unsigned int', but argument 4 has type 'u32 {aka long unsigned int}' [-Wformat=]
../src/matrix_multiply.c:380:9: warning: format '%x' expects argument of type 'unsigned int', but argument 2 has type 'u32 {aka long unsigned int}' [-Wformat=]
../src/matrix_multiply.c:380:9: warning: format '%x' expects argument of type 'unsigned int', but argument 3 has type 'u32 {aka long unsigned int}' [-Wformat=]
../src/matrix_multiply.c:380:9: warning: format '%x' expects argument of type 'unsigned int', but argument 4 has type 'u32 {aka long unsigned int}' [-Wformat=]
../src/matrix_multiply.c:381:9: warning: format '%x' expects argument of type 'unsigned int', but argument 2 has type 'u32 {aka long unsigned int}' [-Wformat=]
  printf("ICDIPTR3:15/14 ->ICDIPTR7:29:%x,%x\r\n",Xil_In32(0xF8F0180C),Xil_In32(0xF8F0181C));
         ^
../src/matrix_multiply.c:381:9: warning: format '%x' expects argument of type 'unsigned int', but argument 3 has type 'u32 {aka long unsigned int}' [-Wformat=]
../src/matrix_multiply.c:381:9: warning: format '%x' expects argument of type 'unsigned int', but argument 2 has type 'u32 {aka long unsigned int}' [-Wformat=]
../src/matrix_multiply.c:381:9: warning: format '%x' expects argument of type 'unsigned int', but argument 3 has type 'u32 {aka long unsigned int}' [-Wformat=]
../src/matrix_multiply.c: At top level:
../src/matrix_multiply.c:108:15: warning: 'matrix_array' defined but not used [-Wunused-variable]
 static matrix matrix_array[NUM_MATRIX];
               ^
../src/matrix_multiply.c:109:15: warning: 'matrix_result' defined but not used [-Wunused-variable]
 static matrix matrix_result;
               ^
../src/matrix_multiply.c:387:13: warning: 'TimerDisableIntrSystem' defined but not used [-Wunused-function]
 static void TimerDisableIntrSystem(XScuGic *IntcInstancePtr, u16 TimerIntrId)
             ^
../src/matrix_multiply.c:158:13: warning: 'Matrix_Multiply' defined but not used [-Wunused-function]
 static void Matrix_Multiply(const matrix *m, const matrix *n, matrix *r)
             ^
make: *** [src/matrix_multiply.o] Error 1
19:27:43 **** Auto Build of configuration Debug for project matrix_origin ****
make pre-build main-build 
a9-linaro-pre-build-step
' '
'Building file: ../src/matrix_multiply.c'
'Invoking: ARM v7 gcc compiler'
arm-none-eabi-gcc -Wall -O0 -g3 -c -fmessage-length=0 -MT"src/matrix_multiply.o" -mcpu=cortex-a9 -mfpu=vfpv3 -mfloat-abi=hard -I../../cpu1_amp/ps7_cortexa9_1/include -MMD -MP -MF"src/matrix_multiply.d" -MT"src/matrix_multiply.o" -o "src/matrix_multiply.o" "../src/matrix_multiply.c"
../src/matrix_multiply.c: In function 'app':
../src/matrix_multiply.c:204:9: warning: format '%x' expects argument of type 'unsigned int', but argument 2 has type 'u32 {aka long unsigned int}' [-Wformat=]
  printf("Callback ->ICDISER[0:2]:%x,%x,%x\r\n",Xil_In32(0xF8F01100),Xil_In32(0xF8F01104),Xil_In32(0xF8F01108));
         ^
../src/matrix_multiply.c:204:9: warning: format '%x' expects argument of type 'unsigned int', but argument 3 has type 'u32 {aka long unsigned int}' [-Wformat=]
../src/matrix_multiply.c:204:9: warning: format '%x' expects argument of type 'unsigned int', but argument 4 has type 'u32 {aka long unsigned int}' [-Wformat=]
../src/matrix_multiply.c:204:9: warning: format '%x' expects argument of type 'unsigned int', but argument 2 has type 'u32 {aka long unsigned int}' [-Wformat=]
../src/matrix_multiply.c:204:9: warning: format '%x' expects argument of type 'unsigned int', but argument 3 has type 'u32 {aka long unsigned int}' [-Wformat=]
../src/matrix_multiply.c:204:9: warning: format '%x' expects argument of type 'unsigned int', but argument 4 has type 'u32 {aka long unsigned int}' [-Wformat=]
../src/matrix_multiply.c:205:9: warning: format '%x' expects argument of type 'unsigned int', but argument 2 has type 'u32 {aka long unsigned int}' [-Wformat=]
  printf("ICDIPTR3:15/14 ->ICDIPTR7:29:%x,%x\r\n",Xil_In32(0xF8F0180C),Xil_In32(0xF8F0181C));
         ^
../src/matrix_multiply.c:205:9: warning: format '%x' expects argument of type 'unsigned int', but argument 3 has type 'u32 {aka long unsigned int}' [-Wformat=]
../src/matrix_multiply.c:205:9: warning: format '%x' expects argument of type 'unsigned int', but argument 2 has type 'u32 {aka long unsigned int}' [-Wformat=]
../src/matrix_multiply.c:205:9: warning: format '%x' expects argument of type 'unsigned int', but argument 3 has type 'u32 {aka long unsigned int}' [-Wformat=]
../src/matrix_multiply.c: In function 'rpmsg_read_cb':
../src/matrix_multiply.c:252:9: warning: format '%x' expects argument of type 'unsigned int', but argument 2 has type 'u32 {aka long unsigned int}' [-Wformat=]
  printf("Callback ->ICDISER[0:2]:  %x,%x,%x\r\n",Xil_In32(0xF8F01100),Xil_In32(0xF8F01104),Xil_In32(0xF8F01108));
         ^
../src/matrix_multiply.c:252:9: warning: format '%x' expects argument of type 'unsigned int', but argument 3 has type 'u32 {aka long unsigned int}' [-Wformat=]
../src/matrix_multiply.c:252:9: warning: format '%x' expects argument of type 'unsigned int', but argument 4 has type 'u32 {aka long unsigned int}' [-Wformat=]
../src/matrix_multiply.c:252:9: warning: format '%x' expects argument of type 'unsigned int', but argument 2 has type 'u32 {aka long unsigned int}' [-Wformat=]
../src/matrix_multiply.c:252:9: warning: format '%x' expects argument of type 'unsigned int', but argument 3 has type 'u32 {aka long unsigned int}' [-Wformat=]
../src/matrix_multiply.c:252:9: warning: format '%x' expects argument of type 'unsigned int', but argument 4 has type 'u32 {aka long unsigned int}' [-Wformat=]
../src/matrix_multiply.c:253:9: warning: format '%x' expects argument of type 'unsigned int', but argument 2 has type 'u32 {aka long unsigned int}' [-Wformat=]
  printf("Interrupt active:ICDABR0: %x,%x,%x\r\n",Xil_In32(0xF8F01300),Xil_In32(0xF8F01304),Xil_In32(0xF8F01308));
         ^
../src/matrix_multiply.c:253:9: warning: format '%x' expects argument of type 'unsigned int', but argument 3 has type 'u32 {aka long unsigned int}' [-Wformat=]
../src/matrix_multiply.c:253:9: warning: format '%x' expects argument of type 'unsigned int', but argument 4 has type 'u32 {aka long unsigned int}' [-Wformat=]
../src/matrix_multiply.c:253:9: warning: format '%x' expects argument of type 'unsigned int', but argument 2 has type 'u32 {aka long unsigned int}' [-Wformat=]
../src/matrix_multiply.c:253:9: warning: format '%x' expects argument of type 'unsigned int', but argument 3 has type 'u32 {aka long unsigned int}' [-Wformat=]
../src/matrix_multiply.c:253:9: warning: format '%x' expects argument of type 'unsigned int', but argument 4 has type 'u32 {aka long unsigned int}' [-Wformat=]
../src/matrix_multiply.c:254:9: warning: format '%x' expects argument of type 'unsigned int', but argument 2 has type 'u32 {aka long unsigned int}' [-Wformat=]
  printf("ICDIPTR3:15/14 ->ICDIPTR7:29:%x,%x\r\n",Xil_In32(0xF8F0180C),Xil_In32(0xF8F0181C));
         ^
../src/matrix_multiply.c:254:9: warning: format '%x' expects argument of type 'unsigned int', but argument 3 has type 'u32 {aka long unsigned int}' [-Wformat=]
../src/matrix_multiply.c:254:9: warning: format '%x' expects argument of type 'unsigned int', but argument 2 has type 'u32 {aka long unsigned int}' [-Wformat=]
../src/matrix_multiply.c:254:9: warning: format '%x' expects argument of type 'unsigned int', but argument 3 has type 'u32 {aka long unsigned int}' [-Wformat=]
../src/matrix_multiply.c:255:9: warning: format '%x' expects argument of type 'unsigned int', but argument 2 has type 'u32 {aka long unsigned int}' [-Wformat=]
  printf("SGI:ICDSGIR:%x\r\n",Xil_In32(0xF8F01F00));
         ^
../src/matrix_multiply.c:255:9: warning: format '%x' expects argument of type 'unsigned int', but argument 2 has type 'u32 {aka long unsigned int}' [-Wformat=]
In file included from ../../cpu1_amp/ps7_cortexa9_1/include/xscugic.h:175:0,
                 from ../../cpu1_amp/ps7_cortexa9_1/include/metal/system/generic/./zynq7/sys.h:40,
                 from ../../cpu1_amp/ps7_cortexa9_1/include/metal/system/generic/sys.h:52,
                 from ../../cpu1_amp/ps7_cortexa9_1/include/metal/sys.h:108,
                 from ../../cpu1_amp/ps7_cortexa9_1/include/metal/dma.h:47,
                 from ../../cpu1_amp/ps7_cortexa9_1/include/openamp/virtqueue.h:37,
                 from ../../cpu1_amp/ps7_cortexa9_1/include/openamp/virtio.h:34,
                 from ../../cpu1_amp/ps7_cortexa9_1/include/openamp/rpmsg_core.h:35,
                 from ../../cpu1_amp/ps7_cortexa9_1/include/openamp/rpmsg.h:39,
                 from ../../cpu1_amp/ps7_cortexa9_1/include/openamp/open_amp.h:33,
                 from ../src/matrix_multiply.c:77:
../../cpu1_amp/ps7_cortexa9_1/include/xstatus.h:60:41: warning: 'return' with a value, in function returning void
 #define XST_FAILURE                     1L
                                         ^
../src/matrix_multiply.c:263:38: note: in expansion of macro 'XST_FAILURE'
   if (Status != XST_SUCCESS) {return XST_FAILURE; }
                                      ^
../../cpu1_amp/ps7_cortexa9_1/include/xstatus.h:60:41: warning: 'return' with a value, in function returning void
 #define XST_FAILURE                     1L
                                         ^
../src/matrix_multiply.c:280:38: note: in expansion of macro 'XST_FAILURE'
   if (Status != XST_SUCCESS) {return XST_FAILURE;}
                                      ^
../src/matrix_multiply.c: In function 'TimerIntrHandler':
../src/matrix_multiply.c:381:9: warning: format '%x' expects argument of type 'unsigned int', but argument 2 has type 'u32 {aka long unsigned int}' [-Wformat=]
  printf("Callback ->ICDISER[0:2]:%x,%x,%x\r\n",Xil_In32(0xF8F01100),Xil_In32(0xF8F01104),Xil_In32(0xF8F01108));
         ^
../src/matrix_multiply.c:381:9: warning: format '%x' expects argument of type 'unsigned int', but argument 3 has type 'u32 {aka long unsigned int}' [-Wformat=]
../src/matrix_multiply.c:381:9: warning: format '%x' expects argument of type 'unsigned int', but argument 4 has type 'u32 {aka long unsigned int}' [-Wformat=]
../src/matrix_multiply.c:381:9: warning: format '%x' expects argument of type 'unsigned int', but argument 2 has type 'u32 {aka long unsigned int}' [-Wformat=]
../src/matrix_multiply.c:381:9: warning: format '%x' expects argument of type 'unsigned int', but argument 3 has type 'u32 {aka long unsigned int}' [-Wformat=]
../src/matrix_multiply.c:381:9: warning: format '%x' expects argument of type 'unsigned int', but argument 4 has type 'u32 {aka long unsigned int}' [-Wformat=]
../src/matrix_multiply.c:382:9: warning: format '%x' expects argument of type 'unsigned int', but argument 2 has type 'u32 {aka long unsigned int}' [-Wformat=]
  printf("ICDIPTR3:15/14 ->ICDIPTR7:29:%x,%x\r\n",Xil_In32(0xF8F0180C),Xil_In32(0xF8F0181C));
         ^
../src/matrix_multiply.c:382:9: warning: format '%x' expects argument of type 'unsigned int', but argument 3 has type 'u32 {aka long unsigned int}' [-Wformat=]
../src/matrix_multiply.c:382:9: warning: format '%x' expects argument of type 'unsigned int', but argument 2 has type 'u32 {aka long unsigned int}' [-Wformat=]
../src/matrix_multiply.c:382:9: warning: format '%x' expects argument of type 'unsigned int', but argument 3 has type 'u32 {aka long unsigned int}' [-Wformat=]
../src/matrix_multiply.c: At top level:
../src/matrix_multiply.c:108:15: warning: 'matrix_array' defined but not used [-Wunused-variable]
 static matrix matrix_array[NUM_MATRIX];
               ^
../src/matrix_multiply.c:109:15: warning: 'matrix_result' defined but not used [-Wunused-variable]
 static matrix matrix_result;
               ^
../src/matrix_multiply.c:388:13: warning: 'TimerDisableIntrSystem' defined but not used [-Wunused-function]
 static void TimerDisableIntrSystem(XScuGic *IntcInstancePtr, u16 TimerIntrId)
             ^
../src/matrix_multiply.c:158:13: warning: 'Matrix_Multiply' defined but not used [-Wunused-function]
 static void Matrix_Multiply(const matrix *m, const matrix *n, matrix *r)
             ^
'Finished building: ../src/matrix_multiply.c'
' '
'Building target: matrix_origin.elf'
'Invoking: ARM v7 gcc linker'
arm-none-eabi-gcc -mcpu=cortex-a9 -mfpu=vfpv3 -mfloat-abi=hard -Wl,-build-id=none -specs=Xilinx.spec -Wl,-T -Wl,../src/lscript.ld -L../../cpu1_amp/ps7_cortexa9_1/lib -o "matrix_origin.elf"  ./src/helper.o ./src/matrix_multiply.o ./src/platform_info.o ./src/rsc_table.o   -Wl,--start-group,-lxil,-lgcc,-lc,--end-group -Wl,--start-group,-lxil,-lmetal,-lgcc,-lc,--end-group -Wl,--start-group,-lxil,-lmetal,-lopen_amp,-lgcc,-lc,--end-group
'Finished building target: matrix_origin.elf'
' '
'Invoking: ARM v7 Print Size'
arm-none-eabi-size matrix_origin.elf  |tee "matrix_origin.elf.size"
   text	   data	    bss	    dec	    hex	filename
 101888	   4592	  50832	 157312	  26680	matrix_origin.elf
'Finished building: matrix_origin.elf.size'
' '
19:28:38 **** Auto Build of configuration Debug for project matrix_origin ****
make pre-build main-build 
a9-linaro-pre-build-step
' '
'Building file: ../src/matrix_multiply.c'
'Invoking: ARM v7 gcc compiler'
arm-none-eabi-gcc -Wall -O0 -g3 -c -fmessage-length=0 -MT"src/matrix_multiply.o" -mcpu=cortex-a9 -mfpu=vfpv3 -mfloat-abi=hard -I../../cpu1_amp/ps7_cortexa9_1/include -MMD -MP -MF"src/matrix_multiply.d" -MT"src/matrix_multiply.o" -o "src/matrix_multiply.o" "../src/matrix_multiply.c"
../src/matrix_multiply.c: In function 'app':
../src/matrix_multiply.c:204:9: warning: format '%x' expects argument of type 'unsigned int', but argument 2 has type 'u32 {aka long unsigned int}' [-Wformat=]
  printf("Callback ->ICDISER[0:2]:  %x,%x,%x\r\n",Xil_In32(0xF8F01100),Xil_In32(0xF8F01104),Xil_In32(0xF8F01108));
         ^
../src/matrix_multiply.c:204:9: warning: format '%x' expects argument of type 'unsigned int', but argument 3 has type 'u32 {aka long unsigned int}' [-Wformat=]
../src/matrix_multiply.c:204:9: warning: format '%x' expects argument of type 'unsigned int', but argument 4 has type 'u32 {aka long unsigned int}' [-Wformat=]
../src/matrix_multiply.c:204:9: warning: format '%x' expects argument of type 'unsigned int', but argument 2 has type 'u32 {aka long unsigned int}' [-Wformat=]
../src/matrix_multiply.c:204:9: warning: format '%x' expects argument of type 'unsigned int', but argument 3 has type 'u32 {aka long unsigned int}' [-Wformat=]
../src/matrix_multiply.c:204:9: warning: format '%x' expects argument of type 'unsigned int', but argument 4 has type 'u32 {aka long unsigned int}' [-Wformat=]
../src/matrix_multiply.c:205:9: warning: format '%x' expects argument of type 'unsigned int', but argument 2 has type 'u32 {aka long unsigned int}' [-Wformat=]
  printf("Interrupt active:ICDABR0: %x,%x,%x\r\n",Xil_In32(0xF8F01300),Xil_In32(0xF8F01304),Xil_In32(0xF8F01308));
         ^
../src/matrix_multiply.c:205:9: warning: format '%x' expects argument of type 'unsigned int', but argument 3 has type 'u32 {aka long unsigned int}' [-Wformat=]
../src/matrix_multiply.c:205:9: warning: format '%x' expects argument of type 'unsigned int', but argument 4 has type 'u32 {aka long unsigned int}' [-Wformat=]
../src/matrix_multiply.c:205:9: warning: format '%x' expects argument of type 'unsigned int', but argument 2 has type 'u32 {aka long unsigned int}' [-Wformat=]
../src/matrix_multiply.c:205:9: warning: format '%x' expects argument of type 'unsigned int', but argument 3 has type 'u32 {aka long unsigned int}' [-Wformat=]
../src/matrix_multiply.c:205:9: warning: format '%x' expects argument of type 'unsigned int', but argument 4 has type 'u32 {aka long unsigned int}' [-Wformat=]
../src/matrix_multiply.c:206:9: warning: format '%x' expects argument of type 'unsigned int', but argument 2 has type 'u32 {aka long unsigned int}' [-Wformat=]
  printf("ICDIPTR3:15/14 ->ICDIPTR7:29:%x,%x\r\n",Xil_In32(0xF8F0180C),Xil_In32(0xF8F0181C));
         ^
../src/matrix_multiply.c:206:9: warning: format '%x' expects argument of type 'unsigned int', but argument 3 has type 'u32 {aka long unsigned int}' [-Wformat=]
../src/matrix_multiply.c:206:9: warning: format '%x' expects argument of type 'unsigned int', but argument 2 has type 'u32 {aka long unsigned int}' [-Wformat=]
../src/matrix_multiply.c:206:9: warning: format '%x' expects argument of type 'unsigned int', but argument 3 has type 'u32 {aka long unsigned int}' [-Wformat=]
../src/matrix_multiply.c:207:9: warning: format '%x' expects argument of type 'unsigned int', but argument 2 has type 'u32 {aka long unsigned int}' [-Wformat=]
  printf("SGI:ICDSGIR:%x\r\n",Xil_In32(0xF8F01F00));
         ^
../src/matrix_multiply.c:207:9: warning: format '%x' expects argument of type 'unsigned int', but argument 2 has type 'u32 {aka long unsigned int}' [-Wformat=]
../src/matrix_multiply.c: In function 'rpmsg_read_cb':
../src/matrix_multiply.c:254:9: warning: format '%x' expects argument of type 'unsigned int', but argument 2 has type 'u32 {aka long unsigned int}' [-Wformat=]
  printf("Callback ->ICDISER[0:2]:  %x,%x,%x\r\n",Xil_In32(0xF8F01100),Xil_In32(0xF8F01104),Xil_In32(0xF8F01108));
         ^
../src/matrix_multiply.c:254:9: warning: format '%x' expects argument of type 'unsigned int', but argument 3 has type 'u32 {aka long unsigned int}' [-Wformat=]
../src/matrix_multiply.c:254:9: warning: format '%x' expects argument of type 'unsigned int', but argument 4 has type 'u32 {aka long unsigned int}' [-Wformat=]
../src/matrix_multiply.c:254:9: warning: format '%x' expects argument of type 'unsigned int', but argument 2 has type 'u32 {aka long unsigned int}' [-Wformat=]
../src/matrix_multiply.c:254:9: warning: format '%x' expects argument of type 'unsigned int', but argument 3 has type 'u32 {aka long unsigned int}' [-Wformat=]
../src/matrix_multiply.c:254:9: warning: format '%x' expects argument of type 'unsigned int', but argument 4 has type 'u32 {aka long unsigned int}' [-Wformat=]
../src/matrix_multiply.c:255:9: warning: format '%x' expects argument of type 'unsigned int', but argument 2 has type 'u32 {aka long unsigned int}' [-Wformat=]
  printf("Interrupt active:ICDABR0: %x,%x,%x\r\n",Xil_In32(0xF8F01300),Xil_In32(0xF8F01304),Xil_In32(0xF8F01308));
         ^
../src/matrix_multiply.c:255:9: warning: format '%x' expects argument of type 'unsigned int', but argument 3 has type 'u32 {aka long unsigned int}' [-Wformat=]
../src/matrix_multiply.c:255:9: warning: format '%x' expects argument of type 'unsigned int', but argument 4 has type 'u32 {aka long unsigned int}' [-Wformat=]
../src/matrix_multiply.c:255:9: warning: format '%x' expects argument of type 'unsigned int', but argument 2 has type 'u32 {aka long unsigned int}' [-Wformat=]
../src/matrix_multiply.c:255:9: warning: format '%x' expects argument of type 'unsigned int', but argument 3 has type 'u32 {aka long unsigned int}' [-Wformat=]
../src/matrix_multiply.c:255:9: warning: format '%x' expects argument of type 'unsigned int', but argument 4 has type 'u32 {aka long unsigned int}' [-Wformat=]
../src/matrix_multiply.c:256:9: warning: format '%x' expects argument of type 'unsigned int', but argument 2 has type 'u32 {aka long unsigned int}' [-Wformat=]
  printf("ICDIPTR3:15/14 ->ICDIPTR7:29:%x,%x\r\n",Xil_In32(0xF8F0180C),Xil_In32(0xF8F0181C));
         ^
../src/matrix_multiply.c:256:9: warning: format '%x' expects argument of type 'unsigned int', but argument 3 has type 'u32 {aka long unsigned int}' [-Wformat=]
../src/matrix_multiply.c:256:9: warning: format '%x' expects argument of type 'unsigned int', but argument 2 has type 'u32 {aka long unsigned int}' [-Wformat=]
../src/matrix_multiply.c:256:9: warning: format '%x' expects argument of type 'unsigned int', but argument 3 has type 'u32 {aka long unsigned int}' [-Wformat=]
../src/matrix_multiply.c:257:9: warning: format '%x' expects argument of type 'unsigned int', but argument 2 has type 'u32 {aka long unsigned int}' [-Wformat=]
  printf("SGI:ICDSGIR:%x\r\n",Xil_In32(0xF8F01F00));
         ^
../src/matrix_multiply.c:257:9: warning: format '%x' expects argument of type 'unsigned int', but argument 2 has type 'u32 {aka long unsigned int}' [-Wformat=]
In file included from ../../cpu1_amp/ps7_cortexa9_1/include/xscugic.h:175:0,
                 from ../../cpu1_amp/ps7_cortexa9_1/include/metal/system/generic/./zynq7/sys.h:40,
                 from ../../cpu1_amp/ps7_cortexa9_1/include/metal/system/generic/sys.h:52,
                 from ../../cpu1_amp/ps7_cortexa9_1/include/metal/sys.h:108,
                 from ../../cpu1_amp/ps7_cortexa9_1/include/metal/dma.h:47,
                 from ../../cpu1_amp/ps7_cortexa9_1/include/openamp/virtqueue.h:37,
                 from ../../cpu1_amp/ps7_cortexa9_1/include/openamp/virtio.h:34,
                 from ../../cpu1_amp/ps7_cortexa9_1/include/openamp/rpmsg_core.h:35,
                 from ../../cpu1_amp/ps7_cortexa9_1/include/openamp/rpmsg.h:39,
                 from ../../cpu1_amp/ps7_cortexa9_1/include/openamp/open_amp.h:33,
                 from ../src/matrix_multiply.c:77:
../../cpu1_amp/ps7_cortexa9_1/include/xstatus.h:60:41: warning: 'return' with a value, in function returning void
 #define XST_FAILURE                     1L
                                         ^
../src/matrix_multiply.c:265:38: note: in expansion of macro 'XST_FAILURE'
   if (Status != XST_SUCCESS) {return XST_FAILURE; }
                                      ^
../../cpu1_amp/ps7_cortexa9_1/include/xstatus.h:60:41: warning: 'return' with a value, in function returning void
 #define XST_FAILURE                     1L
                                         ^
../src/matrix_multiply.c:282:38: note: in expansion of macro 'XST_FAILURE'
   if (Status != XST_SUCCESS) {return XST_FAILURE;}
                                      ^
../src/matrix_multiply.c: In function 'TimerIntrHandler':
../src/matrix_multiply.c:376:10: warning: format '%x' expects argument of type 'unsigned int', but argument 2 has type 'u32 {aka long unsigned int}' [-Wformat=]
   printf("Callback ->ICDISER[0:2]:  %x,%x,%x\r\n",Xil_In32(0xF8F01100),Xil_In32(0xF8F01104),Xil_In32(0xF8F01108));
          ^
../src/matrix_multiply.c:376:10: warning: format '%x' expects argument of type 'unsigned int', but argument 3 has type 'u32 {aka long unsigned int}' [-Wformat=]
../src/matrix_multiply.c:376:10: warning: format '%x' expects argument of type 'unsigned int', but argument 4 has type 'u32 {aka long unsigned int}' [-Wformat=]
../src/matrix_multiply.c:376:10: warning: format '%x' expects argument of type 'unsigned int', but argument 2 has type 'u32 {aka long unsigned int}' [-Wformat=]
../src/matrix_multiply.c:376:10: warning: format '%x' expects argument of type 'unsigned int', but argument 3 has type 'u32 {aka long unsigned int}' [-Wformat=]
../src/matrix_multiply.c:376:10: warning: format '%x' expects argument of type 'unsigned int', but argument 4 has type 'u32 {aka long unsigned int}' [-Wformat=]
../src/matrix_multiply.c:377:10: warning: format '%x' expects argument of type 'unsigned int', but argument 2 has type 'u32 {aka long unsigned int}' [-Wformat=]
   printf("Interrupt active:ICDABR0: %x,%x,%x\r\n",Xil_In32(0xF8F01300),Xil_In32(0xF8F01304),Xil_In32(0xF8F01308));
          ^
../src/matrix_multiply.c:377:10: warning: format '%x' expects argument of type 'unsigned int', but argument 3 has type 'u32 {aka long unsigned int}' [-Wformat=]
../src/matrix_multiply.c:377:10: warning: format '%x' expects argument of type 'unsigned int', but argument 4 has type 'u32 {aka long unsigned int}' [-Wformat=]
../src/matrix_multiply.c:377:10: warning: format '%x' expects argument of type 'unsigned int', but argument 2 has type 'u32 {aka long unsigned int}' [-Wformat=]
../src/matrix_multiply.c:377:10: warning: format '%x' expects argument of type 'unsigned int', but argument 3 has type 'u32 {aka long unsigned int}' [-Wformat=]
../src/matrix_multiply.c:377:10: warning: format '%x' expects argument of type 'unsigned int', but argument 4 has type 'u32 {aka long unsigned int}' [-Wformat=]
../src/matrix_multiply.c:378:10: warning: format '%x' expects argument of type 'unsigned int', but argument 2 has type 'u32 {aka long unsigned int}' [-Wformat=]
   printf("ICDIPTR3:15/14 ->ICDIPTR7:29:%x,%x\r\n",Xil_In32(0xF8F0180C),Xil_In32(0xF8F0181C));
          ^
../src/matrix_multiply.c:378:10: warning: format '%x' expects argument of type 'unsigned int', but argument 3 has type 'u32 {aka long unsigned int}' [-Wformat=]
../src/matrix_multiply.c:378:10: warning: format '%x' expects argument of type 'unsigned int', but argument 2 has type 'u32 {aka long unsigned int}' [-Wformat=]
../src/matrix_multiply.c:378:10: warning: format '%x' expects argument of type 'unsigned int', but argument 3 has type 'u32 {aka long unsigned int}' [-Wformat=]
../src/matrix_multiply.c:379:10: warning: format '%x' expects argument of type 'unsigned int', but argument 2 has type 'u32 {aka long unsigned int}' [-Wformat=]
   printf("SGI:ICDSGIR:%x\r\n",Xil_In32(0xF8F01F00));
          ^
../src/matrix_multiply.c:379:10: warning: format '%x' expects argument of type 'unsigned int', but argument 2 has type 'u32 {aka long unsigned int}' [-Wformat=]
../src/matrix_multiply.c: At top level:
../src/matrix_multiply.c:108:15: warning: 'matrix_array' defined but not used [-Wunused-variable]
 static matrix matrix_array[NUM_MATRIX];
               ^
../src/matrix_multiply.c:109:15: warning: 'matrix_result' defined but not used [-Wunused-variable]
 static matrix matrix_result;
               ^
../src/matrix_multiply.c:396:13: warning: 'TimerDisableIntrSystem' defined but not used [-Wunused-function]
 static void TimerDisableIntrSystem(XScuGic *IntcInstancePtr, u16 TimerIntrId)
             ^
../src/matrix_multiply.c:158:13: warning: 'Matrix_Multiply' defined but not used [-Wunused-function]
 static void Matrix_Multiply(const matrix *m, const matrix *n, matrix *r)
             ^
'Finished building: ../src/matrix_multiply.c'
' '
'Building target: matrix_origin.elf'
'Invoking: ARM v7 gcc linker'
arm-none-eabi-gcc -mcpu=cortex-a9 -mfpu=vfpv3 -mfloat-abi=hard -Wl,-build-id=none -specs=Xilinx.spec -Wl,-T -Wl,../src/lscript.ld -L../../cpu1_amp/ps7_cortexa9_1/lib -o "matrix_origin.elf"  ./src/helper.o ./src/matrix_multiply.o ./src/platform_info.o ./src/rsc_table.o   -Wl,--start-group,-lxil,-lgcc,-lc,--end-group -Wl,--start-group,-lxil,-lmetal,-lgcc,-lc,--end-group -Wl,--start-group,-lxil,-lmetal,-lopen_amp,-lgcc,-lc,--end-group
'Finished building target: matrix_origin.elf'
' '
'Invoking: ARM v7 Print Size'
arm-none-eabi-size matrix_origin.elf  |tee "matrix_origin.elf.size"
   text	   data	    bss	    dec	    hex	filename
 102040	   4592	  50832	 157464	  26718	matrix_origin.elf
'Finished building: matrix_origin.elf.size'
' '
19:35:07 **** Incremental Build of configuration Debug for project matrix_origin ****
make pre-build main-build 
a9-linaro-pre-build-step
' '
make: Nothing to be done for `main-build'.
19:44:16 **** Incremental Build of configuration Debug for project matrix_origin ****
make pre-build main-build 
a9-linaro-pre-build-step
' '
make: Nothing to be done for `main-build'.
19:45:57 **** Incremental Build of configuration Debug for project matrix_origin ****
make pre-build main-build 
a9-linaro-pre-build-step
' '
make: Nothing to be done for `main-build'.
22:15:09 **** Auto Build of configuration Debug for project matrix_origin ****
make pre-build main-build 
a9-linaro-pre-build-step
' '
'Building file: ../src/helper.c'
'Invoking: ARM v7 gcc compiler'
arm-none-eabi-gcc -Wall -O0 -g3 -c -fmessage-length=0 -MT"src/helper.o" -mcpu=cortex-a9 -mfpu=vfpv3 -mfloat-abi=hard -I../../cpu1_amp/ps7_cortexa9_1/include -MMD -MP -MF"src/helper.d" -MT"src/helper.o" -o "src/helper.o" "../src/helper.c"
../src/helper.c:45:8: error: unknown type name 'XScuTimer'
 extern XScuTimer Timer;
        ^
../src/helper.c:46:1: error: unknown type name 'XScuTimer_Config'
 XScuTimer_Config *ConfigPtr;
 ^
../src/helper.c: In function 'app_gic_initialize':
../src/helper.c:71:14: warning: implicit declaration of function 'XScuTimer_LookupConfig' [-Wimplicit-function-declaration]
  ConfigPtr = XScuTimer_LookupConfig(TIMER_DEVICE_ID);
              ^
../src/helper.c:71:37: error: 'TIMER_DEVICE_ID' undeclared (first use in this function)
  ConfigPtr = XScuTimer_LookupConfig(TIMER_DEVICE_ID);
                                     ^
../src/helper.c:71:37: note: each undeclared identifier is reported only once for each function it appears in
../src/helper.c:72:11: warning: implicit declaration of function 'XScuTimer_CfgInitialize' [-Wimplicit-function-declaration]
  Status = XScuTimer_CfgInitialize(&Timer, ConfigPtr,
           ^
../src/helper.c:73:16: error: request for member 'BaseAddr' in something not a structure or union
       ConfigPtr->BaseAddr);
                ^
../src/helper.c:97:46: error: 'TIMER_IRPT_INTR' undeclared (first use in this function)
  XScuGic_Connect(&xInterruptController, (u16)TIMER_IRPT_INTR,
                                              ^
../src/helper.c:98:28: error: 'TimerIntrHandler' undeclared (first use in this function)
      (Xil_ExceptionHandler)TimerIntrHandler,
                            ^
make: *** [src/helper.o] Error 1
22:15:33 **** Auto Build of configuration Debug for project matrix_origin ****
make pre-build main-build 
a9-linaro-pre-build-step
' '
'Building file: ../src/helper.c'
'Invoking: ARM v7 gcc compiler'
arm-none-eabi-gcc -Wall -O0 -g3 -c -fmessage-length=0 -MT"src/helper.o" -mcpu=cortex-a9 -mfpu=vfpv3 -mfloat-abi=hard -I../../cpu1_amp/ps7_cortexa9_1/include -MMD -MP -MF"src/helper.d" -MT"src/helper.o" -o "src/helper.o" "../src/helper.c"
../src/helper.c:45:8: error: unknown type name 'XScuTimer'
 extern XScuTimer Timer;
        ^
../src/helper.c:46:1: error: unknown type name 'XScuTimer_Config'
 XScuTimer_Config *ConfigPtr;
 ^
../src/helper.c: In function 'app_gic_initialize':
../src/helper.c:71:14: warning: implicit declaration of function 'XScuTimer_LookupConfig' [-Wimplicit-function-declaration]
  ConfigPtr = XScuTimer_LookupConfig(TIMER_DEVICE_ID);
              ^
../src/helper.c:71:37: error: 'TIMER_DEVICE_ID' undeclared (first use in this function)
  ConfigPtr = XScuTimer_LookupConfig(TIMER_DEVICE_ID);
                                     ^
../src/helper.c:71:37: note: each undeclared identifier is reported only once for each function it appears in
../src/helper.c:72:11: warning: implicit declaration of function 'XScuTimer_CfgInitialize' [-Wimplicit-function-declaration]
  Status = XScuTimer_CfgInitialize(&Timer, ConfigPtr,
           ^
../src/helper.c:73:16: error: request for member 'BaseAddr' in something not a structure or union
       ConfigPtr->BaseAddr);
                ^
../src/helper.c:97:46: error: 'TIMER_IRPT_INTR' undeclared (first use in this function)
  XScuGic_Connect(&xInterruptController, (u16)TIMER_IRPT_INTR,
                                              ^
../src/helper.c:98:28: error: 'TimerIntrHandler' undeclared (first use in this function)
      (Xil_ExceptionHandler)TimerIntrHandler,
                            ^
make: *** [src/helper.o] Error 1
22:16:25 **** Auto Build of configuration Debug for project matrix_origin ****
make pre-build main-build 
a9-linaro-pre-build-step
' '
'Building file: ../src/helper.c'
'Invoking: ARM v7 gcc compiler'
arm-none-eabi-gcc -Wall -O0 -g3 -c -fmessage-length=0 -MT"src/helper.o" -mcpu=cortex-a9 -mfpu=vfpv3 -mfloat-abi=hard -I../../cpu1_amp/ps7_cortexa9_1/include -MMD -MP -MF"src/helper.d" -MT"src/helper.o" -o "src/helper.o" "../src/helper.c"
../src/helper.c: In function 'app_gic_initialize':
../src/helper.c:71:37: error: 'TIMER_DEVICE_ID' undeclared (first use in this function)
  ConfigPtr = XScuTimer_LookupConfig(TIMER_DEVICE_ID);
                                     ^
../src/helper.c:71:37: note: each undeclared identifier is reported only once for each function it appears in
../src/helper.c:97:46: error: 'TIMER_IRPT_INTR' undeclared (first use in this function)
  XScuGic_Connect(&xInterruptController, (u16)TIMER_IRPT_INTR,
                                              ^
../src/helper.c:98:28: error: 'TimerIntrHandler' undeclared (first use in this function)
      (Xil_ExceptionHandler)TimerIntrHandler,
                            ^
make: *** [src/helper.o] Error 1
22:17:48 **** Auto Build of configuration Debug for project matrix_origin ****
make pre-build main-build 
a9-linaro-pre-build-step
' '
'Building file: ../src/helper.c'
'Invoking: ARM v7 gcc compiler'
arm-none-eabi-gcc -Wall -O0 -g3 -c -fmessage-length=0 -MT"src/helper.o" -mcpu=cortex-a9 -mfpu=vfpv3 -mfloat-abi=hard -I../../cpu1_amp/ps7_cortexa9_1/include -MMD -MP -MF"src/helper.d" -MT"src/helper.o" -o "src/helper.o" "../src/helper.c"
../src/helper.c: In function 'app_gic_initialize':
../src/helper.c:71:37: error: 'TIMER_DEVICE_ID' undeclared (first use in this function)
  ConfigPtr = XScuTimer_LookupConfig(TIMER_DEVICE_ID);
                                     ^
../src/helper.c:71:37: note: each undeclared identifier is reported only once for each function it appears in
../src/helper.c:97:46: error: 'TIMER_IRPT_INTR' undeclared (first use in this function)
  XScuGic_Connect(&xInterruptController, (u16)TIMER_IRPT_INTR,
                                              ^
../src/helper.c:98:28: error: 'TimerIntrHandler' undeclared (first use in this function)
      (Xil_ExceptionHandler)TimerIntrHandler,
                            ^
make: *** [src/helper.o] Error 1
22:17:51 **** Auto Build of configuration Debug for project matrix_origin ****
make pre-build main-build 
a9-linaro-pre-build-step
' '
'Building file: ../src/helper.c'
'Invoking: ARM v7 gcc compiler'
arm-none-eabi-gcc -Wall -O0 -g3 -c -fmessage-length=0 -MT"src/helper.o" -mcpu=cortex-a9 -mfpu=vfpv3 -mfloat-abi=hard -I../../cpu1_amp/ps7_cortexa9_1/include -MMD -MP -MF"src/helper.d" -MT"src/helper.o" -o "src/helper.o" "../src/helper.c"
../src/helper.c:45:0: warning: "INTC_DEVICE_ID" redefined
 #define INTC_DEVICE_ID  XPAR_SCUGIC_SINGLE_DEVICE_ID
 ^
../src/helper.c:41:0: note: this is the location of the previous definition
 #define INTC_DEVICE_ID  XPAR_SCUGIC_0_DEVICE_ID
 ^
../src/helper.c: In function 'app_gic_initialize':
../src/helper.c:104:28: error: 'TimerIntrHandler' undeclared (first use in this function)
      (Xil_ExceptionHandler)TimerIntrHandler,
                            ^
../src/helper.c:104:28: note: each undeclared identifier is reported only once for each function it appears in
make: *** [src/helper.o] Error 1
22:18:41 **** Auto Build of configuration Debug for project matrix_origin ****
make pre-build main-build 
a9-linaro-pre-build-step
' '
'Building file: ../src/helper.c'
'Invoking: ARM v7 gcc compiler'
arm-none-eabi-gcc -Wall -O0 -g3 -c -fmessage-length=0 -MT"src/helper.o" -mcpu=cortex-a9 -mfpu=vfpv3 -mfloat-abi=hard -I../../cpu1_amp/ps7_cortexa9_1/include -MMD -MP -MF"src/helper.d" -MT"src/helper.o" -o "src/helper.o" "../src/helper.c"
../src/helper.c:45:0: warning: "INTC_DEVICE_ID" redefined
 #define INTC_DEVICE_ID  XPAR_SCUGIC_SINGLE_DEVICE_ID
 ^
../src/helper.c:41:0: note: this is the location of the previous definition
 #define INTC_DEVICE_ID  XPAR_SCUGIC_0_DEVICE_ID
 ^
'Finished building: ../src/helper.c'
' '
'Building file: ../src/matrix_multiply.c'
'Invoking: ARM v7 gcc compiler'
arm-none-eabi-gcc -Wall -O0 -g3 -c -fmessage-length=0 -MT"src/matrix_multiply.o" -mcpu=cortex-a9 -mfpu=vfpv3 -mfloat-abi=hard -I../../cpu1_amp/ps7_cortexa9_1/include -MMD -MP -MF"src/matrix_multiply.d" -MT"src/matrix_multiply.o" -o "src/matrix_multiply.o" "../src/matrix_multiply.c"
../src/matrix_multiply.c: In function 'app':
../src/matrix_multiply.c:198:9: warning: format '%x' expects argument of type 'unsigned int', but argument 2 has type 'u32 {aka long unsigned int}' [-Wformat=]
  printf("Callback ->ICDISER[0:2]:  %x,%x,%x\r\n",Xil_In32(0xF8F01100),Xil_In32(0xF8F01104),Xil_In32(0xF8F01108));
         ^
../src/matrix_multiply.c:198:9: warning: format '%x' expects argument of type 'unsigned int', but argument 3 has type 'u32 {aka long unsigned int}' [-Wformat=]
../src/matrix_multiply.c:198:9: warning: format '%x' expects argument of type 'unsigned int', but argument 4 has type 'u32 {aka long unsigned int}' [-Wformat=]
../src/matrix_multiply.c:198:9: warning: format '%x' expects argument of type 'unsigned int', but argument 2 has type 'u32 {aka long unsigned int}' [-Wformat=]
../src/matrix_multiply.c:198:9: warning: format '%x' expects argument of type 'unsigned int', but argument 3 has type 'u32 {aka long unsigned int}' [-Wformat=]
../src/matrix_multiply.c:198:9: warning: format '%x' expects argument of type 'unsigned int', but argument 4 has type 'u32 {aka long unsigned int}' [-Wformat=]
../src/matrix_multiply.c:199:9: warning: format '%x' expects argument of type 'unsigned int', but argument 2 has type 'u32 {aka long unsigned int}' [-Wformat=]
  printf("Interrupt active:ICDABR0: %x,%x,%x\r\n",Xil_In32(0xF8F01300),Xil_In32(0xF8F01304),Xil_In32(0xF8F01308));
         ^
../src/matrix_multiply.c:199:9: warning: format '%x' expects argument of type 'unsigned int', but argument 3 has type 'u32 {aka long unsigned int}' [-Wformat=]
../src/matrix_multiply.c:199:9: warning: format '%x' expects argument of type 'unsigned int', but argument 4 has type 'u32 {aka long unsigned int}' [-Wformat=]
../src/matrix_multiply.c:199:9: warning: format '%x' expects argument of type 'unsigned int', but argument 2 has type 'u32 {aka long unsigned int}' [-Wformat=]
../src/matrix_multiply.c:199:9: warning: format '%x' expects argument of type 'unsigned int', but argument 3 has type 'u32 {aka long unsigned int}' [-Wformat=]
../src/matrix_multiply.c:199:9: warning: format '%x' expects argument of type 'unsigned int', but argument 4 has type 'u32 {aka long unsigned int}' [-Wformat=]
../src/matrix_multiply.c:200:9: warning: format '%x' expects argument of type 'unsigned int', but argument 2 has type 'u32 {aka long unsigned int}' [-Wformat=]
  printf("ICDIPTR3:15/14 ->ICDIPTR7:29:%x,%x\r\n",Xil_In32(0xF8F0180C),Xil_In32(0xF8F0181C));
         ^
../src/matrix_multiply.c:200:9: warning: format '%x' expects argument of type 'unsigned int', but argument 3 has type 'u32 {aka long unsigned int}' [-Wformat=]
../src/matrix_multiply.c:200:9: warning: format '%x' expects argument of type 'unsigned int', but argument 2 has type 'u32 {aka long unsigned int}' [-Wformat=]
../src/matrix_multiply.c:200:9: warning: format '%x' expects argument of type 'unsigned int', but argument 3 has type 'u32 {aka long unsigned int}' [-Wformat=]
../src/matrix_multiply.c:201:9: warning: format '%x' expects argument of type 'unsigned int', but argument 2 has type 'u32 {aka long unsigned int}' [-Wformat=]
  printf("SGI:ICDSGIR:%x\r\n",Xil_In32(0xF8F01F00));
         ^
../src/matrix_multiply.c:201:9: warning: format '%x' expects argument of type 'unsigned int', but argument 2 has type 'u32 {aka long unsigned int}' [-Wformat=]
../src/matrix_multiply.c: In function 'rpmsg_read_cb':
../src/matrix_multiply.c:248:9: warning: format '%x' expects argument of type 'unsigned int', but argument 2 has type 'u32 {aka long unsigned int}' [-Wformat=]
  printf("Callback ->ICDISER[0:2]:  %x,%x,%x\r\n",Xil_In32(0xF8F01100),Xil_In32(0xF8F01104),Xil_In32(0xF8F01108));
         ^
../src/matrix_multiply.c:248:9: warning: format '%x' expects argument of type 'unsigned int', but argument 3 has type 'u32 {aka long unsigned int}' [-Wformat=]
../src/matrix_multiply.c:248:9: warning: format '%x' expects argument of type 'unsigned int', but argument 4 has type 'u32 {aka long unsigned int}' [-Wformat=]
../src/matrix_multiply.c:248:9: warning: format '%x' expects argument of type 'unsigned int', but argument 2 has type 'u32 {aka long unsigned int}' [-Wformat=]
../src/matrix_multiply.c:248:9: warning: format '%x' expects argument of type 'unsigned int', but argument 3 has type 'u32 {aka long unsigned int}' [-Wformat=]
../src/matrix_multiply.c:248:9: warning: format '%x' expects argument of type 'unsigned int', but argument 4 has type 'u32 {aka long unsigned int}' [-Wformat=]
../src/matrix_multiply.c:249:9: warning: format '%x' expects argument of type 'unsigned int', but argument 2 has type 'u32 {aka long unsigned int}' [-Wformat=]
  printf("Interrupt active:ICDABR0: %x,%x,%x\r\n",Xil_In32(0xF8F01300),Xil_In32(0xF8F01304),Xil_In32(0xF8F01308));
         ^
../src/matrix_multiply.c:249:9: warning: format '%x' expects argument of type 'unsigned int', but argument 3 has type 'u32 {aka long unsigned int}' [-Wformat=]
../src/matrix_multiply.c:249:9: warning: format '%x' expects argument of type 'unsigned int', but argument 4 has type 'u32 {aka long unsigned int}' [-Wformat=]
../src/matrix_multiply.c:249:9: warning: format '%x' expects argument of type 'unsigned int', but argument 2 has type 'u32 {aka long unsigned int}' [-Wformat=]
../src/matrix_multiply.c:249:9: warning: format '%x' expects argument of type 'unsigned int', but argument 3 has type 'u32 {aka long unsigned int}' [-Wformat=]
../src/matrix_multiply.c:249:9: warning: format '%x' expects argument of type 'unsigned int', but argument 4 has type 'u32 {aka long unsigned int}' [-Wformat=]
../src/matrix_multiply.c:250:9: warning: format '%x' expects argument of type 'unsigned int', but argument 2 has type 'u32 {aka long unsigned int}' [-Wformat=]
  printf("ICDIPTR3:15/14 ->ICDIPTR7:29:%x,%x\r\n",Xil_In32(0xF8F0180C),Xil_In32(0xF8F0181C));
         ^
../src/matrix_multiply.c:250:9: warning: format '%x' expects argument of type 'unsigned int', but argument 3 has type 'u32 {aka long unsigned int}' [-Wformat=]
../src/matrix_multiply.c:250:9: warning: format '%x' expects argument of type 'unsigned int', but argument 2 has type 'u32 {aka long unsigned int}' [-Wformat=]
../src/matrix_multiply.c:250:9: warning: format '%x' expects argument of type 'unsigned int', but argument 3 has type 'u32 {aka long unsigned int}' [-Wformat=]
../src/matrix_multiply.c:251:9: warning: format '%x' expects argument of type 'unsigned int', but argument 2 has type 'u32 {aka long unsigned int}' [-Wformat=]
  printf("SGI:ICDSGIR:%x\r\n",Xil_In32(0xF8F01F00));
         ^
../src/matrix_multiply.c:251:9: warning: format '%x' expects argument of type 'unsigned int', but argument 2 has type 'u32 {aka long unsigned int}' [-Wformat=]
../src/matrix_multiply.c:262:19: error: 'IntcInstance' undeclared (first use in this function)
   XScuGic_Enable(&IntcInstance, (u16)TIMER_IRPT_INTR);
                   ^
../src/matrix_multiply.c:262:19: note: each undeclared identifier is reported only once for each function it appears in
../src/matrix_multiply.c:262:38: error: 'TIMER_IRPT_INTR' undeclared (first use in this function)
   XScuGic_Enable(&IntcInstance, (u16)TIMER_IRPT_INTR);
                                      ^
../src/matrix_multiply.c:242:6: warning: unused variable 'Status' [-Wunused-variable]
  int Status;
      ^
../src/matrix_multiply.c: In function 'TimerIntrHandler':
../src/matrix_multiply.c:345:10: warning: format '%x' expects argument of type 'unsigned int', but argument 2 has type 'u32 {aka long unsigned int}' [-Wformat=]
   printf("Callback ->ICDISER[0:2]:  %x,%x,%x\r\n",Xil_In32(0xF8F01100),Xil_In32(0xF8F01104),Xil_In32(0xF8F01108));
          ^
../src/matrix_multiply.c:345:10: warning: format '%x' expects argument of type 'unsigned int', but argument 3 has type 'u32 {aka long unsigned int}' [-Wformat=]
../src/matrix_multiply.c:345:10: warning: format '%x' expects argument of type 'unsigned int', but argument 4 has type 'u32 {aka long unsigned int}' [-Wformat=]
../src/matrix_multiply.c:345:10: warning: format '%x' expects argument of type 'unsigned int', but argument 2 has type 'u32 {aka long unsigned int}' [-Wformat=]
../src/matrix_multiply.c:345:10: warning: format '%x' expects argument of type 'unsigned int', but argument 3 has type 'u32 {aka long unsigned int}' [-Wformat=]
../src/matrix_multiply.c:345:10: warning: format '%x' expects argument of type 'unsigned int', but argument 4 has type 'u32 {aka long unsigned int}' [-Wformat=]
../src/matrix_multiply.c:346:10: warning: format '%x' expects argument of type 'unsigned int', but argument 2 has type 'u32 {aka long unsigned int}' [-Wformat=]
   printf("Interrupt active:ICDABR0: %x,%x,%x\r\n",Xil_In32(0xF8F01300),Xil_In32(0xF8F01304),Xil_In32(0xF8F01308));
          ^
../src/matrix_multiply.c:346:10: warning: format '%x' expects argument of type 'unsigned int', but argument 3 has type 'u32 {aka long unsigned int}' [-Wformat=]
../src/matrix_multiply.c:346:10: warning: format '%x' expects argument of type 'unsigned int', but argument 4 has type 'u32 {aka long unsigned int}' [-Wformat=]
../src/matrix_multiply.c:346:10: warning: format '%x' expects argument of type 'unsigned int', but argument 2 has type 'u32 {aka long unsigned int}' [-Wformat=]
../src/matrix_multiply.c:346:10: warning: format '%x' expects argument of type 'unsigned int', but argument 3 has type 'u32 {aka long unsigned int}' [-Wformat=]
../src/matrix_multiply.c:346:10: warning: format '%x' expects argument of type 'unsigned int', but argument 4 has type 'u32 {aka long unsigned int}' [-Wformat=]
../src/matrix_multiply.c:347:10: warning: format '%x' expects argument of type 'unsigned int', but argument 2 has type 'u32 {aka long unsigned int}' [-Wformat=]
   printf("ICDIPTR3:15/14 ->ICDIPTR7:29:%x,%x\r\n",Xil_In32(0xF8F0180C),Xil_In32(0xF8F0181C));
          ^
../src/matrix_multiply.c:347:10: warning: format '%x' expects argument of type 'unsigned int', but argument 3 has type 'u32 {aka long unsigned int}' [-Wformat=]
../src/matrix_multiply.c:347:10: warning: format '%x' expects argument of type 'unsigned int', but argument 2 has type 'u32 {aka long unsigned int}' [-Wformat=]
../src/matrix_multiply.c:347:10: warning: format '%x' expects argument of type 'unsigned int', but argument 3 has type 'u32 {aka long unsigned int}' [-Wformat=]
../src/matrix_multiply.c:348:10: warning: format '%x' expects argument of type 'unsigned int', but argument 2 has type 'u32 {aka long unsigned int}' [-Wformat=]
   printf("SGI:ICDSGIR:%x\r\n",Xil_In32(0xF8F01F00));
          ^
../src/matrix_multiply.c:348:10: warning: format '%x' expects argument of type 'unsigned int', but argument 2 has type 'u32 {aka long unsigned int}' [-Wformat=]
../src/matrix_multiply.c: At top level:
../src/matrix_multiply.c:108:15: warning: 'matrix_array' defined but not used [-Wunused-variable]
 static matrix matrix_array[NUM_MATRIX];
               ^
../src/matrix_multiply.c:109:15: warning: 'matrix_result' defined but not used [-Wunused-variable]
 static matrix matrix_result;
               ^
../src/matrix_multiply.c:331:13: warning: 'TimerIntrHandler' defined but not used [-Wunused-function]
 static void TimerIntrHandler(void *CallBackRef)
             ^
../src/matrix_multiply.c:365:13: warning: 'TimerDisableIntrSystem' defined but not used [-Wunused-function]
 static void TimerDisableIntrSystem(XScuGic *IntcInstancePtr, u16 TimerIntrId)
             ^
../src/matrix_multiply.c:152:13: warning: 'Matrix_Multiply' defined but not used [-Wunused-function]
 static void Matrix_Multiply(const matrix *m, const matrix *n, matrix *r)
             ^
make: *** [src/matrix_multiply.o] Error 1
22:22:21 **** Auto Build of configuration Debug for project matrix_origin ****
make pre-build main-build 
a9-linaro-pre-build-step
' '
'Building file: ../src/helper.c'
'Invoking: ARM v7 gcc compiler'
arm-none-eabi-gcc -Wall -O0 -g3 -c -fmessage-length=0 -MT"src/helper.o" -mcpu=cortex-a9 -mfpu=vfpv3 -mfloat-abi=hard -I../../cpu1_amp/ps7_cortexa9_1/include -MMD -MP -MF"src/helper.d" -MT"src/helper.o" -o "src/helper.o" "../src/helper.c"
../src/helper.c: In function 'app_gic_initialize':
../src/helper.c:82:18: error: 'IntcInstance' undeclared (first use in this function)
  XScuGic_Enable(&IntcInstance, (u16)TIMER_IRPT_INTR);
                  ^
../src/helper.c:82:18: note: each undeclared identifier is reported only once for each function it appears in
In file included from ../../cpu1_amp/ps7_cortexa9_1/include/xscutimer.h:115:0,
                 from ../src/helper.c:39:
../src/helper.c:109:35: error: 'TIMER_LOAD_VALUE' undeclared (first use in this function)
  XScuTimer_LoadTimer(&Timer, (u32)TIMER_LOAD_VALUE);
                                   ^
../../cpu1_amp/ps7_cortexa9_1/include/xscutimer_hw.h:276:39: note: in definition of macro 'XScuTimer_WriteReg'
  Xil_Out32((BaseAddr) + (RegOffset), (Data))
                                       ^
../src/helper.c:109:2: note: in expansion of macro 'XScuTimer_LoadTimer'
  XScuTimer_LoadTimer(&Timer, (u32)TIMER_LOAD_VALUE);
  ^
make: *** [src/helper.o] Error 1
22:22:47 **** Auto Build of configuration Debug for project matrix_origin ****
make pre-build main-build 
a9-linaro-pre-build-step
' '
'Building file: ../src/helper.c'
'Invoking: ARM v7 gcc compiler'
arm-none-eabi-gcc -Wall -O0 -g3 -c -fmessage-length=0 -MT"src/helper.o" -mcpu=cortex-a9 -mfpu=vfpv3 -mfloat-abi=hard -I../../cpu1_amp/ps7_cortexa9_1/include -MMD -MP -MF"src/helper.d" -MT"src/helper.o" -o "src/helper.o" "../src/helper.c"
../src/helper.c: In function 'app_gic_initialize':
../src/helper.c:83:18: error: 'IntcInstance' undeclared (first use in this function)
  XScuGic_Enable(&IntcInstance, (u16)TIMER_IRPT_INTR);
                  ^
../src/helper.c:83:18: note: each undeclared identifier is reported only once for each function it appears in
make: *** [src/helper.o] Error 1
22:23:07 **** Auto Build of configuration Debug for project matrix_origin ****
make pre-build main-build 
a9-linaro-pre-build-step
' '
'Building file: ../src/helper.c'
'Invoking: ARM v7 gcc compiler'
arm-none-eabi-gcc -Wall -O0 -g3 -c -fmessage-length=0 -MT"src/helper.o" -mcpu=cortex-a9 -mfpu=vfpv3 -mfloat-abi=hard -I../../cpu1_amp/ps7_cortexa9_1/include -MMD -MP -MF"src/helper.d" -MT"src/helper.o" -o "src/helper.o" "../src/helper.c"
'Finished building: ../src/helper.c'
' '
'Building file: ../src/matrix_multiply.c'
'Invoking: ARM v7 gcc compiler'
arm-none-eabi-gcc -Wall -O0 -g3 -c -fmessage-length=0 -MT"src/matrix_multiply.o" -mcpu=cortex-a9 -mfpu=vfpv3 -mfloat-abi=hard -I../../cpu1_amp/ps7_cortexa9_1/include -MMD -MP -MF"src/matrix_multiply.d" -MT"src/matrix_multiply.o" -o "src/matrix_multiply.o" "../src/matrix_multiply.c"
../src/matrix_multiply.c: In function 'app':
../src/matrix_multiply.c:198:9: warning: format '%x' expects argument of type 'unsigned int', but argument 2 has type 'u32 {aka long unsigned int}' [-Wformat=]
  printf("Callback ->ICDISER[0:2]:  %x,%x,%x\r\n",Xil_In32(0xF8F01100),Xil_In32(0xF8F01104),Xil_In32(0xF8F01108));
         ^
../src/matrix_multiply.c:198:9: warning: format '%x' expects argument of type 'unsigned int', but argument 3 has type 'u32 {aka long unsigned int}' [-Wformat=]
../src/matrix_multiply.c:198:9: warning: format '%x' expects argument of type 'unsigned int', but argument 4 has type 'u32 {aka long unsigned int}' [-Wformat=]
../src/matrix_multiply.c:198:9: warning: format '%x' expects argument of type 'unsigned int', but argument 2 has type 'u32 {aka long unsigned int}' [-Wformat=]
../src/matrix_multiply.c:198:9: warning: format '%x' expects argument of type 'unsigned int', but argument 3 has type 'u32 {aka long unsigned int}' [-Wformat=]
../src/matrix_multiply.c:198:9: warning: format '%x' expects argument of type 'unsigned int', but argument 4 has type 'u32 {aka long unsigned int}' [-Wformat=]
../src/matrix_multiply.c:199:9: warning: format '%x' expects argument of type 'unsigned int', but argument 2 has type 'u32 {aka long unsigned int}' [-Wformat=]
  printf("Interrupt active:ICDABR0: %x,%x,%x\r\n",Xil_In32(0xF8F01300),Xil_In32(0xF8F01304),Xil_In32(0xF8F01308));
         ^
../src/matrix_multiply.c:199:9: warning: format '%x' expects argument of type 'unsigned int', but argument 3 has type 'u32 {aka long unsigned int}' [-Wformat=]
../src/matrix_multiply.c:199:9: warning: format '%x' expects argument of type 'unsigned int', but argument 4 has type 'u32 {aka long unsigned int}' [-Wformat=]
../src/matrix_multiply.c:199:9: warning: format '%x' expects argument of type 'unsigned int', but argument 2 has type 'u32 {aka long unsigned int}' [-Wformat=]
../src/matrix_multiply.c:199:9: warning: format '%x' expects argument of type 'unsigned int', but argument 3 has type 'u32 {aka long unsigned int}' [-Wformat=]
../src/matrix_multiply.c:199:9: warning: format '%x' expects argument of type 'unsigned int', but argument 4 has type 'u32 {aka long unsigned int}' [-Wformat=]
../src/matrix_multiply.c:200:9: warning: format '%x' expects argument of type 'unsigned int', but argument 2 has type 'u32 {aka long unsigned int}' [-Wformat=]
  printf("ICDIPTR3:15/14 ->ICDIPTR7:29:%x,%x\r\n",Xil_In32(0xF8F0180C),Xil_In32(0xF8F0181C));
         ^
../src/matrix_multiply.c:200:9: warning: format '%x' expects argument of type 'unsigned int', but argument 3 has type 'u32 {aka long unsigned int}' [-Wformat=]
../src/matrix_multiply.c:200:9: warning: format '%x' expects argument of type 'unsigned int', but argument 2 has type 'u32 {aka long unsigned int}' [-Wformat=]
../src/matrix_multiply.c:200:9: warning: format '%x' expects argument of type 'unsigned int', but argument 3 has type 'u32 {aka long unsigned int}' [-Wformat=]
../src/matrix_multiply.c:201:9: warning: format '%x' expects argument of type 'unsigned int', but argument 2 has type 'u32 {aka long unsigned int}' [-Wformat=]
  printf("SGI:ICDSGIR:%x\r\n",Xil_In32(0xF8F01F00));
         ^
../src/matrix_multiply.c:201:9: warning: format '%x' expects argument of type 'unsigned int', but argument 2 has type 'u32 {aka long unsigned int}' [-Wformat=]
../src/matrix_multiply.c: In function 'rpmsg_read_cb':
../src/matrix_multiply.c:248:9: warning: format '%x' expects argument of type 'unsigned int', but argument 2 has type 'u32 {aka long unsigned int}' [-Wformat=]
  printf("Callback ->ICDISER[0:2]:  %x,%x,%x\r\n",Xil_In32(0xF8F01100),Xil_In32(0xF8F01104),Xil_In32(0xF8F01108));
         ^
../src/matrix_multiply.c:248:9: warning: format '%x' expects argument of type 'unsigned int', but argument 3 has type 'u32 {aka long unsigned int}' [-Wformat=]
../src/matrix_multiply.c:248:9: warning: format '%x' expects argument of type 'unsigned int', but argument 4 has type 'u32 {aka long unsigned int}' [-Wformat=]
../src/matrix_multiply.c:248:9: warning: format '%x' expects argument of type 'unsigned int', but argument 2 has type 'u32 {aka long unsigned int}' [-Wformat=]
../src/matrix_multiply.c:248:9: warning: format '%x' expects argument of type 'unsigned int', but argument 3 has type 'u32 {aka long unsigned int}' [-Wformat=]
../src/matrix_multiply.c:248:9: warning: format '%x' expects argument of type 'unsigned int', but argument 4 has type 'u32 {aka long unsigned int}' [-Wformat=]
../src/matrix_multiply.c:249:9: warning: format '%x' expects argument of type 'unsigned int', but argument 2 has type 'u32 {aka long unsigned int}' [-Wformat=]
  printf("Interrupt active:ICDABR0: %x,%x,%x\r\n",Xil_In32(0xF8F01300),Xil_In32(0xF8F01304),Xil_In32(0xF8F01308));
         ^
../src/matrix_multiply.c:249:9: warning: format '%x' expects argument of type 'unsigned int', but argument 3 has type 'u32 {aka long unsigned int}' [-Wformat=]
../src/matrix_multiply.c:249:9: warning: format '%x' expects argument of type 'unsigned int', but argument 4 has type 'u32 {aka long unsigned int}' [-Wformat=]
../src/matrix_multiply.c:249:9: warning: format '%x' expects argument of type 'unsigned int', but argument 2 has type 'u32 {aka long unsigned int}' [-Wformat=]
../src/matrix_multiply.c:249:9: warning: format '%x' expects argument of type 'unsigned int', but argument 3 has type 'u32 {aka long unsigned int}' [-Wformat=]
../src/matrix_multiply.c:249:9: warning: format '%x' expects argument of type 'unsigned int', but argument 4 has type 'u32 {aka long unsigned int}' [-Wformat=]
[...]
../src/matrix_multiply.c:196:9: warning: format '%x' expects argument of type 'unsigned int', but argument 2 has type 'u32 {aka long unsigned int}' [-Wformat=]
../src/matrix_multiply.c:196:9: warning: format '%x' expects argument of type 'unsigned int', but argument 3 has type 'u32 {aka long unsigned int}' [-Wformat=]
../src/matrix_multiply.c:196:9: warning: format '%x' expects argument of type 'unsigned int', but argument 4 has type 'u32 {aka long unsigned int}' [-Wformat=]
../src/matrix_multiply.c:197:9: warning: format '%x' expects argument of type 'unsigned int', but argument 2 has type 'u32 {aka long unsigned int}' [-Wformat=]
  printf("ICDIPTR3:15/14 ->ICDIPTR7:29:%x,%x\r\n",Xil_In32(0xF8F0180C),Xil_In32(0xF8F0181C));
         ^
../src/matrix_multiply.c:197:9: warning: format '%x' expects argument of type 'unsigned int', but argument 3 has type 'u32 {aka long unsigned int}' [-Wformat=]
../src/matrix_multiply.c:197:9: warning: format '%x' expects argument of type 'unsigned int', but argument 2 has type 'u32 {aka long unsigned int}' [-Wformat=]
../src/matrix_multiply.c:197:9: warning: format '%x' expects argument of type 'unsigned int', but argument 3 has type 'u32 {aka long unsigned int}' [-Wformat=]
../src/matrix_multiply.c:198:9: warning: format '%x' expects argument of type 'unsigned int', but argument 2 has type 'u32 {aka long unsigned int}' [-Wformat=]
  printf("SGI:ICDSGIR:%x\r\n",Xil_In32(0xF8F01F00));
         ^
../src/matrix_multiply.c:198:9: warning: format '%x' expects argument of type 'unsigned int', but argument 2 has type 'u32 {aka long unsigned int}' [-Wformat=]
../src/matrix_multiply.c: At top level:
../src/matrix_multiply.c:108:15: warning: 'matrix_array' defined but not used [-Wunused-variable]
 static matrix matrix_array[NUM_MATRIX];
               ^
../src/matrix_multiply.c:109:15: warning: 'matrix_result' defined but not used [-Wunused-variable]
 static matrix matrix_result;
               ^
../src/matrix_multiply.c:350:13: warning: 'TimerDisableIntrSystem' defined but not used [-Wunused-function]
 static void TimerDisableIntrSystem(XScuGic *IntcInstancePtr, u16 TimerIntrId)
             ^
../src/matrix_multiply.c:149:13: warning: 'Matrix_Multiply' defined but not used [-Wunused-function]
 static void Matrix_Multiply(const matrix *m, const matrix *n, matrix *r)
             ^
'Finished building: ../src/matrix_multiply.c'
' '
'Building target: matrix_origin.elf'
'Invoking: ARM v7 gcc linker'
arm-none-eabi-gcc -mcpu=cortex-a9 -mfpu=vfpv3 -mfloat-abi=hard -Wl,-build-id=none -specs=Xilinx.spec -Wl,-T -Wl,../src/lscript.ld -L../../cpu1_amp/ps7_cortexa9_1/lib -o "matrix_origin.elf"  ./src/helper.o ./src/matrix_multiply.o ./src/platform_info.o ./src/rsc_table.o   -Wl,--start-group,-lxil,-lgcc,-lc,--end-group -Wl,--start-group,-lxil,-lmetal,-lgcc,-lc,--end-group -Wl,--start-group,-lxil,-lmetal,-lopen_amp,-lgcc,-lc,--end-group
'Finished building target: matrix_origin.elf'
' '
'Invoking: ARM v7 Print Size'
arm-none-eabi-size matrix_origin.elf  |tee "matrix_origin.elf.size"
   text	   data	    bss	    dec	    hex	filename
 101656	   4592	  50816	 157064	  26588	matrix_origin.elf
'Finished building: matrix_origin.elf.size'
' '
23:06:35 **** Auto Build of configuration Debug for project matrix_origin ****
make pre-build main-build 
a9-linaro-pre-build-step
' '
'Building file: ../src/matrix_multiply.c'
'Invoking: ARM v7 gcc compiler'
arm-none-eabi-gcc -Wall -O0 -g3 -c -fmessage-length=0 -MT"src/matrix_multiply.o" -mcpu=cortex-a9 -mfpu=vfpv3 -mfloat-abi=hard -I../../cpu1_amp/ps7_cortexa9_1/include -MMD -MP -MF"src/matrix_multiply.d" -MT"src/matrix_multiply.o" -o "src/matrix_multiply.o" "../src/matrix_multiply.c"
../src/matrix_multiply.c: In function 'app':
../src/matrix_multiply.c:195:9: warning: format '%x' expects argument of type 'unsigned int', but argument 2 has type 'u32 {aka long unsigned int}' [-Wformat=]
  printf("Callback ->ICDISER[0:2]:  %x,%x,%x\r\n",Xil_In32(0xF8F01100),Xil_In32(0xF8F01104),Xil_In32(0xF8F01108));
         ^
../src/matrix_multiply.c:195:9: warning: format '%x' expects argument of type 'unsigned int', but argument 3 has type 'u32 {aka long unsigned int}' [-Wformat=]
../src/matrix_multiply.c:195:9: warning: format '%x' expects argument of type 'unsigned int', but argument 4 has type 'u32 {aka long unsigned int}' [-Wformat=]
../src/matrix_multiply.c:195:9: warning: format '%x' expects argument of type 'unsigned int', but argument 2 has type 'u32 {aka long unsigned int}' [-Wformat=]
../src/matrix_multiply.c:195:9: warning: format '%x' expects argument of type 'unsigned int', but argument 3 has type 'u32 {aka long unsigned int}' [-Wformat=]
../src/matrix_multiply.c:195:9: warning: format '%x' expects argument of type 'unsigned int', but argument 4 has type 'u32 {aka long unsigned int}' [-Wformat=]
../src/matrix_multiply.c:196:9: warning: format '%x' expects argument of type 'unsigned int', but argument 2 has type 'u32 {aka long unsigned int}' [-Wformat=]
  printf("Interrupt active:ICDABR0: %x,%x,%x\r\n",Xil_In32(0xF8F01300),Xil_In32(0xF8F01304),Xil_In32(0xF8F01308));
         ^
../src/matrix_multiply.c:196:9: warning: format '%x' expects argument of type 'unsigned int', but argument 3 has type 'u32 {aka long unsigned int}' [-Wformat=]
../src/matrix_multiply.c:196:9: warning: format '%x' expects argument of type 'unsigned int', but argument 4 has type 'u32 {aka long unsigned int}' [-Wformat=]
../src/matrix_multiply.c:196:9: warning: format '%x' expects argument of type 'unsigned int', but argument 2 has type 'u32 {aka long unsigned int}' [-Wformat=]
../src/matrix_multiply.c:196:9: warning: format '%x' expects argument of type 'unsigned int', but argument 3 has type 'u32 {aka long unsigned int}' [-Wformat=]
../src/matrix_multiply.c:196:9: warning: format '%x' expects argument of type 'unsigned int', but argument 4 has type 'u32 {aka long unsigned int}' [-Wformat=]
../src/matrix_multiply.c:197:9: warning: format '%x' expects argument of type 'unsigned int', but argument 2 has type 'u32 {aka long unsigned int}' [-Wformat=]
  printf("ICDIPTR3:15/14 ->ICDIPTR7:29:%x,%x\r\n",Xil_In32(0xF8F0180C),Xil_In32(0xF8F0181C));
         ^
../src/matrix_multiply.c:197:9: warning: format '%x' expects argument of type 'unsigned int', but argument 3 has type 'u32 {aka long unsigned int}' [-Wformat=]
../src/matrix_multiply.c:197:9: warning: format '%x' expects argument of type 'unsigned int', but argument 2 has type 'u32 {aka long unsigned int}' [-Wformat=]
../src/matrix_multiply.c:197:9: warning: format '%x' expects argument of type 'unsigned int', but argument 3 has type 'u32 {aka long unsigned int}' [-Wformat=]
../src/matrix_multiply.c:198:9: warning: format '%x' expects argument of type 'unsigned int', but argument 2 has type 'u32 {aka long unsigned int}' [-Wformat=]
  printf("SGI:ICDSGIR:%x\r\n",Xil_In32(0xF8F01F00));
         ^
../src/matrix_multiply.c:198:9: warning: format '%x' expects argument of type 'unsigned int', but argument 2 has type 'u32 {aka long unsigned int}' [-Wformat=]
../src/matrix_multiply.c: At top level:
../src/matrix_multiply.c:108:15: warning: 'matrix_array' defined but not used [-Wunused-variable]
 static matrix matrix_array[NUM_MATRIX];
               ^
../src/matrix_multiply.c:109:15: warning: 'matrix_result' defined but not used [-Wunused-variable]
 static matrix matrix_result;
               ^
../src/matrix_multiply.c:351:13: warning: 'TimerDisableIntrSystem' defined but not used [-Wunused-function]
 static void TimerDisableIntrSystem(XScuGic *IntcInstancePtr, u16 TimerIntrId)
             ^
../src/matrix_multiply.c:149:13: warning: 'Matrix_Multiply' defined but not used [-Wunused-function]
 static void Matrix_Multiply(const matrix *m, const matrix *n, matrix *r)
             ^
'Finished building: ../src/matrix_multiply.c'
' '
'Building target: matrix_origin.elf'
'Invoking: ARM v7 gcc linker'
arm-none-eabi-gcc -mcpu=cortex-a9 -mfpu=vfpv3 -mfloat-abi=hard -Wl,-build-id=none -specs=Xilinx.spec -Wl,-T -Wl,../src/lscript.ld -L../../cpu1_amp/ps7_cortexa9_1/lib -o "matrix_origin.elf"  ./src/helper.o ./src/matrix_multiply.o ./src/platform_info.o ./src/rsc_table.o   -Wl,--start-group,-lxil,-lgcc,-lc,--end-group -Wl,--start-group,-lxil,-lmetal,-lgcc,-lc,--end-group -Wl,--start-group,-lxil,-lmetal,-lopen_amp,-lgcc,-lc,--end-group
'Finished building target: matrix_origin.elf'
' '
'Invoking: ARM v7 Print Size'
arm-none-eabi-size matrix_origin.elf  |tee "matrix_origin.elf.size"
   text	   data	    bss	    dec	    hex	filename
 101656	   4592	  50816	 157064	  26588	matrix_origin.elf
'Finished building: matrix_origin.elf.size'
' '

**** Build of configuration Debug for project cpu0_linux_app ****

Nothing to build for project cpu0_linux_app

****  of configuration Debug for project cpu0_linux_app ****

Nothing to build for project cpu0_linux_app

****  of configuration Debug for project cpu0_linux_app ****

Nothing to build for project cpu0_linux_app

****  of configuration Debug for project cpu0_linux_app ****

Nothing to build for project cpu0_linux_app
23:14:29 **** Auto Build of configuration Debug for project cpu0_linux_app ****
make all 
'Building file: ../src/linux_app.c'
'Invoking: ARM v7 Linux gcc compiler'
arm-linux-gnueabihf-gcc -Wall -O0 -g3 -c -fmessage-length=0 -MT"src/linux_app.o" -MMD -MP -MF"src/linux_app.d" -MT"src/linux_app.o" -o "src/linux_app.o" "../src/linux_app.c"
../src/linux_app.c: In function 'main':
../src/linux_app.c:126:7: warning: unused variable 'write_result' [-Wunused-variable]
   int write_result = write(fd, &send_data,
       ^
../src/linux_app.c:54:24: warning: unused variable 'bytes_sent' [-Wunused-variable]
  int size, bytes_rcvd, bytes_sent;
                        ^
../src/linux_app.c:53:19: warning: variable 'expect_rnum' set but not used [-Wunused-but-set-variable]
  int cmd, ret, i, expect_rnum;
                   ^
'Finished building: ../src/linux_app.c'
' '
'Building target: cpu0_linux_app.elf'
'Invoking: ARM v7 Linux gcc linker'
arm-linux-gnueabihf-gcc  -o "cpu0_linux_app.elf"  ./src/linux_app.o   
'Finished building target: cpu0_linux_app.elf'
' '
'Invoking: ARM v7 Linux Print Size'
arm-linux-gnueabihf-size cpu0_linux_app.elf  |tee "cpu0_linux_app.elf.size"
   text	   data	    bss	    dec	    hex	filename
   3542	    340	    192	   4074	    fea	cpu0_linux_app.elf
'Finished building: cpu0_linux_app.elf.size'
' '
23:14:36 **** Auto Build of configuration Debug for project cpu0_linux_app ****
make all 
make: Nothing to be done for `all'.
23:22:54 **** Auto Build of configuration Debug for project cpu0_linux_app ****
make all 
'Building file: ../src/linux_app.c'
'Invoking: ARM v7 Linux gcc compiler'
arm-linux-gnueabihf-gcc -Wall -O0 -g3 -c -fmessage-length=0 -MT"src/linux_app.o" -MMD -MP -MF"src/linux_app.d" -MT"src/linux_app.o" -o "src/linux_app.o" "../src/linux_app.c"
../src/linux_app.c: In function 'main':
../src/linux_app.c:133:7: warning: unused variable 'write_result' [-Wunused-variable]
   int write_result = write(fd, &send_data,
       ^
../src/linux_app.c:54:24: warning: unused variable 'bytes_sent' [-Wunused-variable]
  int size, bytes_rcvd, bytes_sent;
                        ^
../src/linux_app.c:53:19: warning: variable 'expect_rnum' set but not used [-Wunused-but-set-variable]
  int cmd, ret, i, expect_rnum;
                   ^
'Finished building: ../src/linux_app.c'
' '
'Building target: cpu0_linux_app.elf'
'Invoking: ARM v7 Linux gcc linker'
arm-linux-gnueabihf-gcc  -o "cpu0_linux_app.elf"  ./src/linux_app.o   
'Finished building target: cpu0_linux_app.elf'
' '
'Invoking: ARM v7 Linux Print Size'
arm-linux-gnueabihf-size cpu0_linux_app.elf  |tee "cpu0_linux_app.elf.size"
   text	   data	    bss	    dec	    hex	filename
   3666	    340	    192	   4198	   1066	cpu0_linux_app.elf
'Finished building: cpu0_linux_app.elf.size'
' '
23:25:54 **** Auto Build of configuration Debug for project matrix_origin ****
make pre-build main-build 
a9-linaro-pre-build-step
' '
'Building file: ../src/helper.c'
'Invoking: ARM v7 gcc compiler'
arm-none-eabi-gcc -Wall -O0 -g3 -c -fmessage-length=0 -MT"src/helper.o" -mcpu=cortex-a9 -mfpu=vfpv3 -mfloat-abi=hard -I../../cpu1_amp/ps7_cortexa9_1/include -MMD -MP -MF"src/helper.d" -MT"src/helper.o" -o "src/helper.o" "../src/helper.c"
'Finished building: ../src/helper.c'
' '
'Building target: matrix_origin.elf'
'Invoking: ARM v7 gcc linker'
arm-none-eabi-gcc -mcpu=cortex-a9 -mfpu=vfpv3 -mfloat-abi=hard -Wl,-build-id=none -specs=Xilinx.spec -Wl,-T -Wl,../src/lscript.ld -L../../cpu1_amp/ps7_cortexa9_1/lib -o "matrix_origin.elf"  ./src/helper.o ./src/matrix_multiply.o ./src/platform_info.o ./src/rsc_table.o   -Wl,--start-group,-lxil,-lgcc,-lc,--end-group -Wl,--start-group,-lxil,-lmetal,-lgcc,-lc,--end-group -Wl,--start-group,-lxil,-lmetal,-lopen_amp,-lgcc,-lc,--end-group
'Finished building target: matrix_origin.elf'
' '
'Invoking: ARM v7 Print Size'
arm-none-eabi-size matrix_origin.elf  |tee "matrix_origin.elf.size"
   text	   data	    bss	    dec	    hex	filename
 101656	   4592	  50816	 157064	  26588	matrix_origin.elf
'Finished building: matrix_origin.elf.size'
' '
23:27:37 **** Auto Build of configuration Debug for project matrix_origin ****
make pre-build main-build 
a9-linaro-pre-build-step
' '
'Building file: ../src/matrix_multiply.c'
'Invoking: ARM v7 gcc compiler'
arm-none-eabi-gcc -Wall -O0 -g3 -c -fmessage-length=0 -MT"src/matrix_multiply.o" -mcpu=cortex-a9 -mfpu=vfpv3 -mfloat-abi=hard -I../../cpu1_amp/ps7_cortexa9_1/include -MMD -MP -MF"src/matrix_multiply.d" -MT"src/matrix_multiply.o" -o "src/matrix_multiply.o" "../src/matrix_multiply.c"
../src/matrix_multiply.c: In function 'app':
../src/matrix_multiply.c:195:9: warning: format '%x' expects argument of type 'unsigned int', but argument 2 has type 'u32 {aka long unsigned int}' [-Wformat=]
  printf("Callback ->ICDISER[0:2]:  %x,%x,%x\r\n",Xil_In32(0xF8F01100),Xil_In32(0xF8F01104),Xil_In32(0xF8F01108));
         ^
../src/matrix_multiply.c:195:9: warning: format '%x' expects argument of type 'unsigned int', but argument 3 has type 'u32 {aka long unsigned int}' [-Wformat=]
../src/matrix_multiply.c:195:9: warning: format '%x' expects argument of type 'unsigned int', but argument 4 has type 'u32 {aka long unsigned int}' [-Wformat=]
../src/matrix_multiply.c:195:9: warning: format '%x' expects argument of type 'unsigned int', but argument 2 has type 'u32 {aka long unsigned int}' [-Wformat=]
../src/matrix_multiply.c:195:9: warning: format '%x' expects argument of type 'unsigned int', but argument 3 has type 'u32 {aka long unsigned int}' [-Wformat=]
../src/matrix_multiply.c:195:9: warning: format '%x' expects argument of type 'unsigned int', but argument 4 has type 'u32 {aka long unsigned int}' [-Wformat=]
../src/matrix_multiply.c:196:9: warning: format '%x' expects argument of type 'unsigned int', but argument 2 has type 'u32 {aka long unsigned int}' [-Wformat=]
  printf("Interrupt active:ICDABR0: %x,%x,%x\r\n",Xil_In32(0xF8F01300),Xil_In32(0xF8F01304),Xil_In32(0xF8F01308));
         ^
../src/matrix_multiply.c:196:9: warning: format '%x' expects argument of type 'unsigned int', but argument 3 has type 'u32 {aka long unsigned int}' [-Wformat=]
../src/matrix_multiply.c:196:9: warning: format '%x' expects argument of type 'unsigned int', but argument 4 has type 'u32 {aka long unsigned int}' [-Wformat=]
../src/matrix_multiply.c:196:9: warning: format '%x' expects argument of type 'unsigned int', but argument 2 has type 'u32 {aka long unsigned int}' [-Wformat=]
../src/matrix_multiply.c:196:9: warning: format '%x' expects argument of type 'unsigned int', but argument 3 has type 'u32 {aka long unsigned int}' [-Wformat=]
../src/matrix_multiply.c:196:9: warning: format '%x' expects argument of type 'unsigned int', but argument 4 has type 'u32 {aka long unsigned int}' [-Wformat=]
../src/matrix_multiply.c:197:9: warning: format '%x' expects argument of type 'unsigned int', but argument 2 has type 'u32 {aka long unsigned int}' [-Wformat=]
  printf("ICDIPTR3:15/14 ->ICDIPTR7:29:%x,%x\r\n",Xil_In32(0xF8F0180C),Xil_In32(0xF8F0181C));
         ^
../src/matrix_multiply.c:197:9: warning: format '%x' expects argument of type 'unsigned int', but argument 3 has type 'u32 {aka long unsigned int}' [-Wformat=]
../src/matrix_multiply.c:197:9: warning: format '%x' expects argument of type 'unsigned int', but argument 2 has type 'u32 {aka long unsigned int}' [-Wformat=]
../src/matrix_multiply.c:197:9: warning: format '%x' expects argument of type 'unsigned int', but argument 3 has type 'u32 {aka long unsigned int}' [-Wformat=]
../src/matrix_multiply.c:198:9: warning: format '%x' expects argument of type 'unsigned int', but argument 2 has type 'u32 {aka long unsigned int}' [-Wformat=]
  printf("SGI:ICDSGIR:%x\r\n",Xil_In32(0xF8F01F00));
         ^
../src/matrix_multiply.c:198:9: warning: format '%x' expects argument of type 'unsigned int', but argument 2 has type 'u32 {aka long unsigned int}' [-Wformat=]
../src/matrix_multiply.c: At top level:
../src/matrix_multiply.c:108:15: warning: 'matrix_array' defined but not used [-Wunused-variable]
 static matrix matrix_array[NUM_MATRIX];
               ^
../src/matrix_multiply.c:109:15: warning: 'matrix_result' defined but not used [-Wunused-variable]
 static matrix matrix_result;
               ^
../src/matrix_multiply.c:345:13: warning: 'TimerDisableIntrSystem' defined but not used [-Wunused-function]
 static void TimerDisableIntrSystem(XScuGic *IntcInstancePtr, u16 TimerIntrId)
             ^
../src/matrix_multiply.c:149:13: warning: 'Matrix_Multiply' defined but not used [-Wunused-function]
 static void Matrix_Multiply(const matrix *m, const matrix *n, matrix *r)
             ^
'Finished building: ../src/matrix_multiply.c'
' '
'Building target: matrix_origin.elf'
'Invoking: ARM v7 gcc linker'
arm-none-eabi-gcc -mcpu=cortex-a9 -mfpu=vfpv3 -mfloat-abi=hard -Wl,-build-id=none -specs=Xilinx.spec -Wl,-T -Wl,../src/lscript.ld -L../../cpu1_amp/ps7_cortexa9_1/lib -o "matrix_origin.elf"  ./src/helper.o ./src/matrix_multiply.o ./src/platform_info.o ./src/rsc_table.o   -Wl,--start-group,-lxil,-lgcc,-lc,--end-group -Wl,--start-group,-lxil,-lmetal,-lgcc,-lc,--end-group -Wl,--start-group,-lxil,-lmetal,-lopen_amp,-lgcc,-lc,--end-group
'Finished building target: matrix_origin.elf'
' '
'Invoking: ARM v7 Print Size'
arm-none-eabi-size matrix_origin.elf  |tee "matrix_origin.elf.size"
   text	   data	    bss	    dec	    hex	filename
 101584	   4592	  50816	 156992	  26540	matrix_origin.elf
'Finished building: matrix_origin.elf.size'
' '
23:32:13 **** Auto Build of configuration Debug for project cpu0_linux_app ****
make all 
'Building file: ../src/linux_app.c'
'Invoking: ARM v7 Linux gcc compiler'
arm-linux-gnueabihf-gcc -Wall -O0 -g3 -c -fmessage-length=0 -MT"src/linux_app.o" -MMD -MP -MF"src/linux_app.d" -MT"src/linux_app.o" -o "src/linux_app.o" "../src/linux_app.c"
../src/linux_app.c: In function 'main':
../src/linux_app.c:133:7: warning: unused variable 'write_result' [-Wunused-variable]
   int write_result = write(fd, &send_data,
       ^
../src/linux_app.c:54:24: warning: unused variable 'bytes_sent' [-Wunused-variable]
  int size, bytes_rcvd, bytes_sent;
                        ^
../src/linux_app.c:53:19: warning: variable 'expect_rnum' set but not used [-Wunused-but-set-variable]
  int cmd, ret, i, expect_rnum;
                   ^
'Finished building: ../src/linux_app.c'
' '
'Building target: cpu0_linux_app.elf'
'Invoking: ARM v7 Linux gcc linker'
arm-linux-gnueabihf-gcc  -o "cpu0_linux_app.elf"  ./src/linux_app.o   
'Finished building target: cpu0_linux_app.elf'
' '
'Invoking: ARM v7 Linux Print Size'
arm-linux-gnueabihf-size cpu0_linux_app.elf  |tee "cpu0_linux_app.elf.size"
   text	   data	    bss	    dec	    hex	filename
   3662	    340	    192	   4194	   1062	cpu0_linux_app.elf
'Finished building: cpu0_linux_app.elf.size'
' '
