02:26:35 **** Build of configuration Debug for project hello_uart0_cpu0 ****
make pre-build main-build 
a9-linaro-pre-build-step
' '
'Building file: ../src/helloworld.c'
'Invoking: ARM v7 gcc compiler'
arm-none-eabi-gcc -Wall -O0 -g3 -c -fmessage-length=0 -MT"src/helloworld.o" -mcpu=cortex-a9 -mfpu=vfpv3 -mfloat-abi=hard -I../../hello_uart0_cpu0_bsp/ps7_cortexa9_0/include -MMD -MP -MF"src/helloworld.d" -MT"src/helloworld.o" -o "src/helloworld.o" "../src/helloworld.c"
../src/helloworld.c: In function 'main':
../src/helloworld.c:69:5: warning: implicit declaration of function 'usleep' [-Wimplicit-function-declaration]
     usleep(25);
     ^
../src/helloworld.c: At top level:
../src/helloworld.c:52:13: warning: 'delay' defined but not used [-Wunused-function]
 static void delay(int dly)
             ^
'Finished building: ../src/helloworld.c'
' '
'Building file: ../src/platform.c'
'Invoking: ARM v7 gcc compiler'
arm-none-eabi-gcc -Wall -O0 -g3 -c -fmessage-length=0 -MT"src/platform.o" -mcpu=cortex-a9 -mfpu=vfpv3 -mfloat-abi=hard -I../../hello_uart0_cpu0_bsp/ps7_cortexa9_0/include -MMD -MP -MF"src/platform.d" -MT"src/platform.o" -o "src/platform.o" "../src/platform.c"
'Finished building: ../src/platform.c'
' '
'Building target: hello_uart0_cpu0.elf'
'Invoking: ARM v7 gcc linker'
arm-none-eabi-gcc -mcpu=cortex-a9 -mfpu=vfpv3 -mfloat-abi=hard -Wl,-build-id=none -specs=Xilinx.spec -Wl,-T -Wl,../src/lscript.ld -L../../hello_uart0_cpu0_bsp/ps7_cortexa9_0/lib -o "hello_uart0_cpu0.elf"  ./src/helloworld.o ./src/platform.o   -Wl,--start-group,-lxil,-lgcc,-lc,--end-group
'Finished building target: hello_uart0_cpu0.elf'
' '
'Invoking: ARM v7 Print Size'
arm-none-eabi-size hello_uart0_cpu0.elf  |tee "hello_uart0_cpu0.elf.size"
   text	   data	    bss	    dec	    hex	filename
  22500	   1148	  22568	  46216	   b488	hello_uart0_cpu0.elf
'Finished building: hello_uart0_cpu0.elf.size'
' '

02:26:36 Build Finished (took 1s.426ms)

