23:27:37 **** Auto Build of configuration Debug for project matrix_origin ****
make pre-build main-build 
a9-linaro-pre-build-step
' '
'Building file: ../src/matrix_multiply.c'
'Invoking: ARM v7 gcc compiler'
arm-none-eabi-gcc -Wall -O0 -g3 -c -fmessage-length=0 -MT"src/matrix_multiply.o" -mcpu=cortex-a9 -mfpu=vfpv3 -mfloat-abi=hard -I../../cpu1_amp/ps7_cortexa9_1/include -MMD -MP -MF"src/matrix_multiply.d" -MT"src/matrix_multiply.o" -o "src/matrix_multiply.o" "../src/matrix_multiply.c"
../src/matrix_multiply.c: In function 'app':
../src/matrix_multiply.c:195:9: warning: format '%x' expects argument of type 'unsigned int', but argument 2 has type 'u32 {aka long unsigned int}' [-Wformat=]
  printf("Callback ->ICDISER[0:2]:  %x,%x,%x\r\n",Xil_In32(0xF8F01100),Xil_In32(0xF8F01104),Xil_In32(0xF8F01108));
         ^
../src/matrix_multiply.c:195:9: warning: format '%x' expects argument of type 'unsigned int', but argument 3 has type 'u32 {aka long unsigned int}' [-Wformat=]
../src/matrix_multiply.c:195:9: warning: format '%x' expects argument of type 'unsigned int', but argument 4 has type 'u32 {aka long unsigned int}' [-Wformat=]
../src/matrix_multiply.c:195:9: warning: format '%x' expects argument of type 'unsigned int', but argument 2 has type 'u32 {aka long unsigned int}' [-Wformat=]
../src/matrix_multiply.c:195:9: warning: format '%x' expects argument of type 'unsigned int', but argument 3 has type 'u32 {aka long unsigned int}' [-Wformat=]
../src/matrix_multiply.c:195:9: warning: format '%x' expects argument of type 'unsigned int', but argument 4 has type 'u32 {aka long unsigned int}' [-Wformat=]
../src/matrix_multiply.c:196:9: warning: format '%x' expects argument of type 'unsigned int', but argument 2 has type 'u32 {aka long unsigned int}' [-Wformat=]
  printf("Interrupt active:ICDABR0: %x,%x,%x\r\n",Xil_In32(0xF8F01300),Xil_In32(0xF8F01304),Xil_In32(0xF8F01308));
         ^
../src/matrix_multiply.c:196:9: warning: format '%x' expects argument of type 'unsigned int', but argument 3 has type 'u32 {aka long unsigned int}' [-Wformat=]
../src/matrix_multiply.c:196:9: warning: format '%x' expects argument of type 'unsigned int', but argument 4 has type 'u32 {aka long unsigned int}' [-Wformat=]
../src/matrix_multiply.c:196:9: warning: format '%x' expects argument of type 'unsigned int', but argument 2 has type 'u32 {aka long unsigned int}' [-Wformat=]
../src/matrix_multiply.c:196:9: warning: format '%x' expects argument of type 'unsigned int', but argument 3 has type 'u32 {aka long unsigned int}' [-Wformat=]
../src/matrix_multiply.c:196:9: warning: format '%x' expects argument of type 'unsigned int', but argument 4 has type 'u32 {aka long unsigned int}' [-Wformat=]
../src/matrix_multiply.c:197:9: warning: format '%x' expects argument of type 'unsigned int', but argument 2 has type 'u32 {aka long unsigned int}' [-Wformat=]
  printf("ICDIPTR3:15/14 ->ICDIPTR7:29:%x,%x\r\n",Xil_In32(0xF8F0180C),Xil_In32(0xF8F0181C));
         ^
../src/matrix_multiply.c:197:9: warning: format '%x' expects argument of type 'unsigned int', but argument 3 has type 'u32 {aka long unsigned int}' [-Wformat=]
../src/matrix_multiply.c:197:9: warning: format '%x' expects argument of type 'unsigned int', but argument 2 has type 'u32 {aka long unsigned int}' [-Wformat=]
../src/matrix_multiply.c:197:9: warning: format '%x' expects argument of type 'unsigned int', but argument 3 has type 'u32 {aka long unsigned int}' [-Wformat=]
../src/matrix_multiply.c:198:9: warning: format '%x' expects argument of type 'unsigned int', but argument 2 has type 'u32 {aka long unsigned int}' [-Wformat=]
  printf("SGI:ICDSGIR:%x\r\n",Xil_In32(0xF8F01F00));
         ^
../src/matrix_multiply.c:198:9: warning: format '%x' expects argument of type 'unsigned int', but argument 2 has type 'u32 {aka long unsigned int}' [-Wformat=]
../src/matrix_multiply.c: At top level:
../src/matrix_multiply.c:108:15: warning: 'matrix_array' defined but not used [-Wunused-variable]
 static matrix matrix_array[NUM_MATRIX];
               ^
../src/matrix_multiply.c:109:15: warning: 'matrix_result' defined but not used [-Wunused-variable]
 static matrix matrix_result;
               ^
../src/matrix_multiply.c:345:13: warning: 'TimerDisableIntrSystem' defined but not used [-Wunused-function]
 static void TimerDisableIntrSystem(XScuGic *IntcInstancePtr, u16 TimerIntrId)
             ^
../src/matrix_multiply.c:149:13: warning: 'Matrix_Multiply' defined but not used [-Wunused-function]
 static void Matrix_Multiply(const matrix *m, const matrix *n, matrix *r)
             ^
'Finished building: ../src/matrix_multiply.c'
' '
'Building target: matrix_origin.elf'
'Invoking: ARM v7 gcc linker'
arm-none-eabi-gcc -mcpu=cortex-a9 -mfpu=vfpv3 -mfloat-abi=hard -Wl,-build-id=none -specs=Xilinx.spec -Wl,-T -Wl,../src/lscript.ld -L../../cpu1_amp/ps7_cortexa9_1/lib -o "matrix_origin.elf"  ./src/helper.o ./src/matrix_multiply.o ./src/platform_info.o ./src/rsc_table.o   -Wl,--start-group,-lxil,-lgcc,-lc,--end-group -Wl,--start-group,-lxil,-lmetal,-lgcc,-lc,--end-group -Wl,--start-group,-lxil,-lmetal,-lopen_amp,-lgcc,-lc,--end-group
'Finished building target: matrix_origin.elf'
' '
'Invoking: ARM v7 Print Size'
arm-none-eabi-size matrix_origin.elf  |tee "matrix_origin.elf.size"
   text	   data	    bss	    dec	    hex	filename
 101584	   4592	  50816	 156992	  26540	matrix_origin.elf
'Finished building: matrix_origin.elf.size'
' '

23:27:39 Build Finished (took 1s.608ms)

