19:23:11 **** Auto Build of configuration Debug for project matrix_original ****
make pre-build main-build 
a9-linaro-pre-build-step
' '
'Building file: ../src/helper.c'
'Invoking: ARM v7 gcc compiler'
arm-none-eabi-gcc -Wall -O0 -g3 -c -fmessage-length=0 -MT"src/helper.o" -mcpu=cortex-a9 -mfpu=vfpv3 -mfloat-abi=hard -I../../cpu1_amp/ps7_cortexa9_1/include -MMD -MP -MF"src/helper.d" -MT"src/helper.o" -o "src/helper.o" "../src/helper.c"
'Finished building: ../src/helper.c'
' '
'Building file: ../src/matrix_multiply.c'
'Invoking: ARM v7 gcc compiler'
arm-none-eabi-gcc -Wall -O0 -g3 -c -fmessage-length=0 -MT"src/matrix_multiply.o" -mcpu=cortex-a9 -mfpu=vfpv3 -mfloat-abi=hard -I../../cpu1_amp/ps7_cortexa9_1/include -MMD -MP -MF"src/matrix_multiply.d" -MT"src/matrix_multiply.o" -o "src/matrix_multiply.o" "../src/matrix_multiply.c"
'Finished building: ../src/matrix_multiply.c'
' '
'Building file: ../src/platform_info.c'
'Invoking: ARM v7 gcc compiler'
arm-none-eabi-gcc -Wall -O0 -g3 -c -fmessage-length=0 -MT"src/platform_info.o" -mcpu=cortex-a9 -mfpu=vfpv3 -mfloat-abi=hard -I../../cpu1_amp/ps7_cortexa9_1/include -MMD -MP -MF"src/platform_info.d" -MT"src/platform_info.o" -o "src/platform_info.o" "../src/platform_info.c"
'Finished building: ../src/platform_info.c'
' '
'Building file: ../src/rsc_table.c'
'Invoking: ARM v7 gcc compiler'
arm-none-eabi-gcc -Wall -O0 -g3 -c -fmessage-length=0 -MT"src/rsc_table.o" -mcpu=cortex-a9 -mfpu=vfpv3 -mfloat-abi=hard -I../../cpu1_amp/ps7_cortexa9_1/include -MMD -MP -MF"src/rsc_table.d" -MT"src/rsc_table.o" -o "src/rsc_table.o" "../src/rsc_table.c"
'Finished building: ../src/rsc_table.c'
' '
'Building target: matrix_original.elf'
'Invoking: ARM v7 gcc linker'
arm-none-eabi-gcc -mcpu=cortex-a9 -mfpu=vfpv3 -mfloat-abi=hard -Wl,-build-id=none -specs=Xilinx.spec -Wl,-T -Wl,../src/lscript.ld -L../../cpu1_amp/ps7_cortexa9_1/lib -o "matrix_original.elf"  ./src/helper.o ./src/matrix_multiply.o ./src/platform_info.o ./src/rsc_table.o   -Wl,--start-group,-lxil,-lgcc,-lc,--end-group -Wl,--start-group,-lxil,-lmetal,-lgcc,-lc,--end-group -Wl,--start-group,-lxil,-lmetal,-lopen_amp,-lgcc,-lc,--end-group
'Finished building target: matrix_original.elf'
' '
'Invoking: ARM v7 Print Size'
arm-none-eabi-size matrix_original.elf  |tee "matrix_original.elf.size"
   text	   data	    bss	    dec	    hex	filename
  99452	   4576	  50736	 154764	  25c8c	matrix_original.elf
'Finished building: matrix_original.elf.size'
' '

19:23:14 Build Finished (took 2s.773ms)

