17:55:56 **** Auto Build of configuration Debug for project PWM_TEST ****
make pre-build main-build 
a9-linaro-pre-build-step
' '
'Building file: ../src/PWMTEST.c'
'Invoking: ARM v7 gcc compiler'
arm-none-eabi-gcc -Wall -O0 -g3 -c -fmessage-length=0 -MT"src/PWMTEST.o" -mcpu=cortex-a9 -mfpu=vfpv3 -mfloat-abi=hard -I../../gpio_test_bsp/ps7_cortexa9_0/include -MMD -MP -MF"src/PWMTEST.d" -MT"src/PWMTEST.o" -o "src/PWMTEST.o" "../src/PWMTEST.c"
../src/PWMTEST.c: In function 'PWM_Reg_SelfTest':
../src/PWMTEST.c:76:6: warning: unused variable 'Index' [-Wunused-variable]
  int Index;
      ^
'Finished building: ../src/PWMTEST.c'
' '
'Building file: ../src/platform.c'
'Invoking: ARM v7 gcc compiler'
arm-none-eabi-gcc -Wall -O0 -g3 -c -fmessage-length=0 -MT"src/platform.o" -mcpu=cortex-a9 -mfpu=vfpv3 -mfloat-abi=hard -I../../gpio_test_bsp/ps7_cortexa9_0/include -MMD -MP -MF"src/platform.d" -MT"src/platform.o" -o "src/platform.o" "../src/platform.c"
'Finished building: ../src/platform.c'
' '
'Building target: PWM_TEST.elf'
'Invoking: ARM v7 gcc linker'
arm-none-eabi-gcc -mcpu=cortex-a9 -mfpu=vfpv3 -mfloat-abi=hard -Wl,-build-id=none -specs=Xilinx.spec -Wl,-T -Wl,../src/lscript.ld -L../../gpio_test_bsp/ps7_cortexa9_0/lib -o "PWM_TEST.elf"  ./src/PWMTEST.o ./src/platform.o   -Wl,--start-group,-lxil,-lgcc,-lc,--end-group
'Finished building target: PWM_TEST.elf'
' '
'Invoking: ARM v7 Print Size'
arm-none-eabi-size PWM_TEST.elf  |tee "PWM_TEST.elf.size"
   text	   data	    bss	    dec	    hex	filename
  25924	   1148	  22568	  49640	   c1e8	PWM_TEST.elf
'Finished building: PWM_TEST.elf.size'
' '

17:55:57 Build Finished (took 1s.808ms)

