22:00:04 **** Auto Build of configuration Debug for project test_axiurat_bsp_xuartlite_polled_example_1 ****
make pre-build main-build 
a9-linaro-pre-build-step
' '
'Building file: ../src/xuartlite_polled_example.c'
'Invoking: ARM v7 gcc compiler'
arm-none-eabi-gcc -Wall -O0 -g3 -c -fmessage-length=0 -MT"src/xuartlite_polled_example.o" -mcpu=cortex-a9 -mfpu=vfpv3 -mfloat-abi=hard -I../../test_axiurat_bsp/ps7_cortexa9_0/include -MMD -MP -MF"src/xuartlite_polled_example.d" -MT"src/xuartlite_polled_example.o" -o "src/xuartlite_polled_example.o" "../src/xuartlite_polled_example.c"
'Finished building: ../src/xuartlite_polled_example.c'
' '
'Building target: test_axiurat_bsp_xuartlite_polled_example_1.elf'
'Invoking: ARM v7 gcc linker'
arm-none-eabi-gcc -mcpu=cortex-a9 -mfpu=vfpv3 -mfloat-abi=hard -Wl,-build-id=none -specs=Xilinx.spec -Wl,-T -Wl,../src/lscript.ld -L../../test_axiurat_bsp/ps7_cortexa9_0/lib -o "test_axiurat_bsp_xuartlite_polled_example_1.elf"  ./src/xuartlite_polled_example.o   -Wl,--start-group,-lxil,-lgcc,-lc,--end-group
'Finished building target: test_axiurat_bsp_xuartlite_polled_example_1.elf'
' '
'Invoking: ARM v7 Print Size'
arm-none-eabi-size test_axiurat_bsp_xuartlite_polled_example_1.elf  |tee "test_axiurat_bsp_xuartlite_polled_example_1.elf.size"
   text	   data	    bss	    dec	    hex	filename
  21540	   1164	  22696	  45400	   b158	test_axiurat_bsp_xuartlite_polled_example_1.elf
'Finished building: test_axiurat_bsp_xuartlite_polled_example_1.elf.size'
' '

22:00:05 Build Finished (took 1s.118ms)

